[2026-08-12 10:03:41] === HEYGEM 看门狗启动 ===
[2026-08-12 10:03:41] 监控目标: heygem-gen-video, heygem-tts | 工作时段 7:00-22:00 | 探活间隔 60s
[2026-08-12 10:05:43] heygem-gen-video 未运行 -> 工作时段自动拉起: 成功
[2026-08-12 21:56:37] heygem-gen-video 未运行 -> 工作时段自动拉起: 成功
[2026-08-13 01:31:19] === HEYGEM 看门狗启动 ===
[2026-08-13 01:31:19] 监控目标: heygem-gen-video, heygem-tts | 工作时段 7:00-22:00 | 探活间隔 60s
[2026-08-13 01:31:20] heygem-gen-video 未运行 -> 维护时段跳过拉起（尊重22:00资源清理），22:00后自动唤醒
[2026-08-13 01:31:20] heygem-tts 未运行 -> 维护时段跳过拉起（尊重22:00资源清理），22:00后自动唤醒
[2026-08-13 01:31:44] 看门狗收到退出信号，停止
[2026-08-13 01:32:20] === HEYGEM 看门狗启动 ===
[2026-08-13 01:32:20] 监控目标: heygem-gen-video, heygem-tts | 工作时段 7:00-22:00 | 探活间隔 60s
[2026-08-13 01:32:20] heygem-gen-video 未运行 -> 维护时段跳过拉起（尊重22:00资源清理），22:00后自动唤醒
[2026-08-13 01:32:20] heygem-tts 未运行 -> 维护时段跳过拉起（尊重22:00资源清理），22:00后自动唤醒
[2026-08-13 01:32:31] 看门狗收到退出信号，停止
[2026-08-13 01:33:07] === HEYGEM 看门狗启动 ===
[2026-08-13 01:33:07] 监控目标: heygem-gen-video, heygem-tts | 工作时段 7:00-22:00 | 探活间隔 60s
[2026-08-13 01:33:07] heygem-gen-video 未运行 -> 维护时段跳过拉起（尊重22:00资源清理），22:00后自动唤醒
[2026-08-13 01:33:08] heygem-tts 未运行 -> 维护时段跳过拉起（尊重22:00资源清理），22:00后自动唤醒
[2026-08-13 01:34:08] heygem-gen-video 未运行 -> 维护时段跳过拉起（尊重22:00资源清理），22:00后自动唤醒
[2026-08-13 01:34:08] heygem-tts 未运行 -> 维护时段跳过拉起（尊重22:00资源清理），22:00后自动唤醒
[2026-08-13 01:35:08] heygem-gen-video 未运行 -> 维护时段跳过拉起（尊重22:00资源清理），22:00后自动唤醒
[2026-08-13 01:35:08] heygem-tts 未运行 -> 维护时段跳过拉起（尊重22:00资源清理），22:00后自动唤醒
[2026-08-13 01:36:08] heygem-gen-video 未运行 -> 维护时段跳过拉起（尊重22:00资源清理），22:00后自动唤醒
[2026-08-13 01:36:08] heygem-tts 未运行 -> 维护时段跳过拉起（尊重22:00资源清理），22:00后自动唤醒
[2026-08-13 01:37:09] heygem-gen-video 未运行 -> 维护时段跳过拉起（尊重22:00资源清理），22:00后自动唤醒
[2026-08-13 01:37:09] heygem-tts 未运行 -> 维护时段跳过拉起（尊重22:00资源清理），22:00后自动唤醒
[2026-08-13 01:38:09] heygem-gen-video 未运行 -> 维护时段跳过拉起（尊重22:00资源清理），22:00后自动唤醒
[2026-08-13 01:38:09] heygem-tts 未运行 -> 维护时段跳过拉起（尊重22:00资源清理），22:00后自动唤醒
[2026-08-13 01:39:09] heygem-gen-video 未运行 -> 维护时段跳过拉起（尊重22:00资源清理），22:00后自动唤醒
[2026-08-13 01:39:09] heygem-tts 未运行 -> 维护时段跳过拉起（尊重22:00资源清理），22:00后自动唤醒
[2026-08-13 01:40:09] heygem-gen-video 未运行 -> 维护时段跳过拉起（尊重22:00资源清理），22:00后自动唤醒
[2026-08-13 01:40:09] heygem-tts 未运行 -> 维护时段跳过拉起（尊重22:00资源清理），22:00后自动唤醒
[2026-08-13 01:41:09] heygem-gen-video 未运行 -> 维护时段跳过拉起（尊重22:00资源清理），22:00后自动唤醒
[2026-08-13 01:41:09] heygem-tts 未运行 -> 维护时段跳过拉起（尊重22:00资源清理），22:00后自动唤醒
[2026-08-13 01:42:09] heygem-gen-video 未运行 -> 维护时段跳过拉起（尊重22:00资源清理），22:00后自动唤醒
[2026-08-13 01:42:09] heygem-tts 未运行 -> 维护时段跳过拉起（尊重22:00资源清理），22:00后自动唤醒
[2026-08-13 01:43:09] heygem-gen-video 未运行 -> 维护时段跳过拉起（尊重22:00资源清理），22:00后自动唤醒
[2026-08-13 01:43:09] heygem-tts 未运行 -> 维护时段跳过拉起（尊重22:00资源清理），22:00后自动唤醒
[2026-08-13 01:44:10] heygem-gen-video 未运行 -> 维护时段跳过拉起（尊重22:00资源清理），22:00后自动唤醒
[2026-08-13 01:44:10] heygem-tts 未运行 -> 维护时段跳过拉起（尊重22:00资源清理），22:00后自动唤醒
[2026-08-13 01:45:10] heygem-gen-video 未运行 -> 维护时段跳过拉起（尊重22:00资源清理），22:00后自动唤醒
[2026-08-13 01:45:10] heygem-tts 未运行 -> 维护时段跳过拉起（尊重22:00资源清理），22:00后自动唤醒
[2026-08-13 01:46:10] heygem-gen-video 未运行 -> 维护时段跳过拉起（尊重22:00资源清理），22:00后自动唤醒
[2026-08-13 01:46:10] heygem-tts 未运行 -> 维护时段跳过拉起（尊重22:00资源清理），22:00后自动唤醒
[2026-08-13 01:47:10] heygem-gen-video 未运行 -> 维护时段跳过拉起（尊重22:00资源清理），22:00后自动唤醒
[2026-08-13 01:47:10] heygem-tts 未运行 -> 维护时段跳过拉起（尊重22:00资源清理），22:00后自动唤醒
[2026-08-13 01:48:10] heygem-gen-video 未运行 -> 维护时段跳过拉起（尊重22:00资源清理），22:00后自动唤醒
[2026-08-13 01:48:10] heygem-tts 未运行 -> 维护时段跳过拉起（尊重22:00资源清理），22:00后自动唤醒
[2026-08-13 01:49:10] heygem-gen-video 未运行 -> 维护时段跳过拉起（尊重22:00资源清理），22:00后自动唤醒
[2026-08-13 01:49:10] heygem-tts 未运行 -> 维护时段跳过拉起（尊重22:00资源清理），22:00后自动唤醒
[2026-08-13 01:50:10] heygem-gen-video 未运行 -> 维护时段跳过拉起（尊重22:00资源清理），22:00后自动唤醒
[2026-08-13 01:50:10] heygem-tts 未运行 -> 维护时段跳过拉起（尊重22:00资源清理），22:00后自动唤醒
[2026-08-13 01:51:10] heygem-gen-video 未运行 -> 维护时段跳过拉起（尊重22:00资源清理），22:00后自动唤醒
[2026-08-13 01:51:10] heygem-tts 未运行 -> 维护时段跳过拉起（尊重22:00资源清理），22:00后自动唤醒
[2026-08-13 01:52:11] heygem-gen-video 未运行 -> 维护时段跳过拉起（尊重22:00资源清理），22:00后自动唤醒
[2026-08-13 01:52:11] heygem-tts 未运行 -> 维护时段跳过拉起（尊重22:00资源清理），22:00后自动唤醒
[2026-08-13 01:53:11] heygem-gen-video 未运行 -> 维护时段跳过拉起（尊重22:00资源清理），22:00后自动唤醒
[2026-08-13 01:53:11] heygem-tts 未运行 -> 维护时段跳过拉起（尊重22:00资源清理），22:00后自动唤醒
[2026-08-13 01:54:11] heygem-gen-video 未运行 -> 维护时段跳过拉起（尊重22:00资源清理），22:00后自动唤醒
[2026-08-13 01:54:11] heygem-tts 未运行 -> 维护时段跳过拉起（尊重22:00资源清理），22:00后自动唤醒
[2026-08-13 01:55:11] heygem-gen-video 未运行 -> 维护时段跳过拉起（尊重22:00资源清理），22:00后自动唤醒
[2026-08-13 01:55:11] heygem-tts 未运行 -> 维护时段跳过拉起（尊重22:00资源清理），22:00后自动唤醒
[2026-08-13 01:56:11] heygem-gen-video 未运行 -> 维护时段跳过拉起（尊重22:00资源清理），22:00后自动唤醒
[2026-08-13 01:56:11] heygem-tts 未运行 -> 维护时段跳过拉起（尊重22:00资源清理），22:00后自动唤醒
[2026-08-13 01:57:11] heygem-gen-video 未运行 -> 维护时段跳过拉起（尊重22:00资源清理），22:00后自动唤醒
[2026-08-13 01:57:11] heygem-tts 未运行 -> 维护时段跳过拉起（尊重22:00资源清理），22:00后自动唤醒
[2026-08-13 01:58:11] heygem-gen-video 未运行 -> 维护时段跳过拉起（尊重22:00资源清理），22:00后自动唤醒
[2026-08-13 01:58:11] heygem-tts 未运行 -> 维护时段跳过拉起（尊重22:00资源清理），22:00后自动唤醒
[2026-08-13 01:59:11] heygem-gen-video 未运行 -> 维护时段跳过拉起（尊重22:00资源清理），22:00后自动唤醒
[2026-08-13 01:59:11] heygem-tts 未运行 -> 维护时段跳过拉起（尊重22:00资源清理），22:00后自动唤醒
[2026-08-13 02:00:12] heygem-gen-video 未运行 -> 维护时段跳过拉起（尊重22:00资源清理），22:00后自动唤醒
[2026-08-13 02:00:12] heygem-tts 未运行 -> 维护时段跳过拉起（尊重22:00资源清理），22:00后自动唤醒
[2026-08-13 02:01:12] heygem-gen-video 未运行 -> 维护时段跳过拉起（尊重22:00资源清理），22:00后自动唤醒
[2026-08-13 02:01:12] heygem-tts 未运行 -> 维护时段跳过拉起（尊重22:00资源清理），22:00后自动唤醒
[2026-08-13 02:02:12] heygem-gen-video 未运行 -> 维护时段跳过拉起（尊重22:00资源清理），22:00后自动唤醒
[2026-08-13 02:02:12] heygem-tts 未运行 -> 维护时段跳过拉起（尊重22:00资源清理），22:00后自动唤醒
[2026-08-13 02:03:12] heygem-gen-video 未运行 -> 维护时段跳过拉起（尊重22:00资源清理），22:00后自动唤醒
[2026-08-13 02:03:12] heygem-tts 未运行 -> 维护时段跳过拉起（尊重22:00资源清理），22:00后自动唤醒
[2026-08-13 02:04:12] heygem-gen-video 未运行 -> 维护时段跳过拉起（尊重22:00资源清理），22:00后自动唤醒
[2026-08-13 02:04:12] heygem-tts 未运行 -> 维护时段跳过拉起（尊重22:00资源清理），22:00后自动唤醒
[2026-08-13 02:05:12] heygem-gen-video 未运行 -> 维护时段跳过拉起（尊重22:00资源清理），22:00后自动唤醒
[2026-08-13 02:05:12] heygem-tts 未运行 -> 维护时段跳过拉起（尊重22:00资源清理），22:00后自动唤醒
[2026-08-13 02:06:12] heygem-gen-video 未运行 -> 维护时段跳过拉起（尊重22:00资源清理），22:00后自动唤醒
[2026-08-13 02:06:12] heygem-tts 未运行 -> 维护时段跳过拉起（尊重22:00资源清理），22:00后自动唤醒
[2026-08-13 02:07:12] heygem-gen-video 未运行 -> 维护时段跳过拉起（尊重22:00资源清理），22:00后自动唤醒
[2026-08-13 02:07:12] heygem-tts 未运行 -> 维护时段跳过拉起（尊重22:00资源清理），22:00后自动唤醒
[2026-08-13 02:08:13] heygem-gen-video 未运行 -> 维护时段跳过拉起（尊重22:00资源清理），22:00后自动唤醒
[2026-08-13 02:08:13] heygem-tts 未运行 -> 维护时段跳过拉起（尊重22:00资源清理），22:00后自动唤醒
[2026-08-13 02:09:13] heygem-gen-video 未运行 -> 维护时段跳过拉起（尊重22:00资源清理），22:00后自动唤醒
[2026-08-13 02:09:13] heygem-tts 未运行 -> 维护时段跳过拉起（尊重22:00资源清理），22:00后自动唤醒
[2026-08-13 02:10:13] heygem-gen-video 未运行 -> 维护时段跳过拉起（尊重22:00资源清理），22:00后自动唤醒
[2026-08-13 02:10:13] heygem-tts 未运行 -> 维护时段跳过拉起（尊重22:00资源清理），22:00后自动唤醒
[2026-08-13 02:11:13] heygem-gen-video 未运行 -> 维护时段跳过拉起（尊重22:00资源清理），22:00后自动唤醒
[2026-08-13 02:11:13] heygem-tts 未运行 -> 维护时段跳过拉起（尊重22:00资源清理），22:00后自动唤醒
[2026-08-13 02:12:13] heygem-gen-video 未运行 -> 维护时段跳过拉起（尊重22:00资源清理），22:00后自动唤醒
[2026-08-13 02:12:13] heygem-tts 未运行 -> 维护时段跳过拉起（尊重22:00资源清理），22:00后自动唤醒
[2026-08-13 02:13:13] heygem-gen-video 未运行 -> 维护时段跳过拉起（尊重22:00资源清理），22:00后自动唤醒
[2026-08-13 02:13:13] heygem-tts 未运行 -> 维护时段跳过拉起（尊重22:00资源清理），22:00后自动唤醒
[2026-08-13 02:14:13] heygem-gen-video 未运行 -> 维护时段跳过拉起（尊重22:00资源清理），22:00后自动唤醒
[2026-08-13 02:14:13] heygem-tts 未运行 -> 维护时段跳过拉起（尊重22:00资源清理），22:00后自动唤醒
[2026-08-13 02:15:13] heygem-gen-video 未运行 -> 维护时段跳过拉起（尊重22:00资源清理），22:00后自动唤醒
[2026-08-13 02:15:13] heygem-tts 未运行 -> 维护时段跳过拉起（尊重22:00资源清理），22:00后自动唤醒
[2026-08-13 02:16:13] heygem-gen-video 未运行 -> 维护时段跳过拉起（尊重22:00资源清理），22:00后自动唤醒
[2026-08-13 02:16:14] heygem-tts 未运行 -> 维护时段跳过拉起（尊重22:00资源清理），22:00后自动唤醒
[2026-08-13 02:17:14] heygem-gen-video 未运行 -> 维护时段跳过拉起（尊重22:00资源清理），22:00后自动唤醒
[2026-08-13 02:17:14] heygem-tts 未运行 -> 维护时段跳过拉起（尊重22:00资源清理），22:00后自动唤醒
[2026-08-13 02:18:14] heygem-gen-video 未运行 -> 维护时段跳过拉起（尊重22:00资源清理），22:00后自动唤醒
[2026-08-13 02:18:14] heygem-tts 未运行 -> 维护时段跳过拉起（尊重22:00资源清理），22:00后自动唤醒
[2026-08-13 02:19:14] heygem-gen-video 未运行 -> 维护时段跳过拉起（尊重22:00资源清理），22:00后自动唤醒
[2026-08-13 02:19:14] heygem-tts 未运行 -> 维护时段跳过拉起（尊重22:00资源清理），22:00后自动唤醒
[2026-08-13 02:20:14] heygem-gen-video 未运行 -> 维护时段跳过拉起（尊重22:00资源清理），22:00后自动唤醒
[2026-08-13 02:20:14] heygem-tts 未运行 -> 维护时段跳过拉起（尊重22:00资源清理），22:00后自动唤醒
[2026-08-13 02:21:14] heygem-gen-video 未运行 -> 维护时段跳过拉起（尊重22:00资源清理），22:00后自动唤醒
[2026-08-13 02:21:14] heygem-tts 未运行 -> 维护时段跳过拉起（尊重22:00资源清理），22:00后自动唤醒
[2026-08-13 02:22:14] heygem-gen-video 未运行 -> 维护时段跳过拉起（尊重22:00资源清理），22:00后自动唤醒
[2026-08-13 02:22:14] heygem-tts 未运行 -> 维护时段跳过拉起（尊重22:00资源清理），22:00后自动唤醒
[2026-08-13 02:23:14] heygem-gen-video 未运行 -> 维护时段跳过拉起（尊重22:00资源清理），22:00后自动唤醒
[2026-08-13 02:23:14] heygem-tts 未运行 -> 维护时段跳过拉起（尊重22:00资源清理），22:00后自动唤醒
[2026-08-13 02:24:14] heygem-gen-video 未运行 -> 维护时段跳过拉起（尊重22:00资源清理），22:00后自动唤醒
[2026-08-13 02:24:14] heygem-tts 未运行 -> 维护时段跳过拉起（尊重22:00资源清理），22:00后自动唤醒
[2026-08-13 02:25:15] heygem-gen-video 未运行 -> 维护时段跳过拉起（尊重22:00资源清理），22:00后自动唤醒
[2026-08-13 02:25:15] heygem-tts 未运行 -> 维护时段跳过拉起（尊重22:00资源清理），22:00后自动唤醒
[2026-08-13 02:26:15] heygem-gen-video 未运行 -> 维护时段跳过拉起（尊重22:00资源清理），22:00后自动唤醒
[2026-08-13 02:26:15] heygem-tts 未运行 -> 维护时段跳过拉起（尊重22:00资源清理），22:00后自动唤醒
[2026-08-13 02:27:15] heygem-gen-video 未运行 -> 维护时段跳过拉起（尊重22:00资源清理），22:00后自动唤醒
[2026-08-13 02:27:15] heygem-tts 未运行 -> 维护时段跳过拉起（尊重22:00资源清理），22:00后自动唤醒
[2026-08-13 02:28:15] heygem-gen-video 未运行 -> 维护时段跳过拉起（尊重22:00资源清理），22:00后自动唤醒
[2026-08-13 02:28:15] heygem-tts 未运行 -> 维护时段跳过拉起（尊重22:00资源清理），22:00后自动唤醒
[2026-08-13 02:29:15] heygem-gen-video 未运行 -> 维护时段跳过拉起（尊重22:00资源清理），22:00后自动唤醒
[2026-08-13 02:29:15] heygem-tts 未运行 -> 维护时段跳过拉起（尊重22:00资源清理），22:00后自动唤醒
[2026-08-13 02:30:15] heygem-gen-video 未运行 -> 维护时段跳过拉起（尊重22:00资源清理），22:00后自动唤醒
[2026-08-13 02:30:15] heygem-tts 未运行 -> 维护时段跳过拉起（尊重22:00资源清理），22:00后自动唤醒
[2026-08-13 02:31:15] heygem-gen-video 未运行 -> 维护时段跳过拉起（尊重22:00资源清理），22:00后自动唤醒
[2026-08-13 02:31:15] heygem-tts 未运行 -> 维护时段跳过拉起（尊重22:00资源清理），22:00后自动唤醒
[2026-08-13 02:32:15] heygem-gen-video 未运行 -> 维护时段跳过拉起（尊重22:00资源清理），22:00后自动唤醒
[2026-08-13 02:32:15] heygem-tts 未运行 -> 维护时段跳过拉起（尊重22:00资源清理），22:00后自动唤醒
[2026-08-13 02:33:16] heygem-gen-video 未运行 -> 维护时段跳过拉起（尊重22:00资源清理），22:00后自动唤醒
[2026-08-13 02:33:16] heygem-tts 未运行 -> 维护时段跳过拉起（尊重22:00资源清理），22:00后自动唤醒
[2026-08-13 02:34:16] heygem-gen-video 未运行 -> 维护时段跳过拉起（尊重22:00资源清理），22:00后自动唤醒
[2026-08-13 02:34:16] heygem-tts 未运行 -> 维护时段跳过拉起（尊重22:00资源清理），22:00后自动唤醒
[2026-08-13 02:35:16] heygem-gen-video 未运行 -> 维护时段跳过拉起（尊重22:00资源清理），22:00后自动唤醒
[2026-08-13 02:35:16] heygem-tts 未运行 -> 维护时段跳过拉起（尊重22:00资源清理），22:00后自动唤醒
[2026-08-13 02:36:16] heygem-gen-video 未运行 -> 维护时段跳过拉起（尊重22:00资源清理），22:00后自动唤醒
[2026-08-13 02:36:16] heygem-tts 未运行 -> 维护时段跳过拉起（尊重22:00资源清理），22:00后自动唤醒
[2026-08-13 02:37:16] heygem-gen-video 未运行 -> 维护时段跳过拉起（尊重22:00资源清理），22:00后自动唤醒
[2026-08-13 02:37:16] heygem-tts 未运行 -> 维护时段跳过拉起（尊重22:00资源清理），22:00后自动唤醒
[2026-08-13 02:38:16] heygem-gen-video 未运行 -> 维护时段跳过拉起（尊重22:00资源清理），22:00后自动唤醒
[2026-08-13 02:38:16] heygem-tts 未运行 -> 维护时段跳过拉起（尊重22:00资源清理），22:00后自动唤醒
[2026-08-13 02:39:16] heygem-gen-video 未运行 -> 维护时段跳过拉起（尊重22:00资源清理），22:00后自动唤醒
[2026-08-13 02:39:16] heygem-tts 未运行 -> 维护时段跳过拉起（尊重22:00资源清理），22:00后自动唤醒
[2026-08-13 02:40:16] heygem-gen-video 未运行 -> 维护时段跳过拉起（尊重22:00资源清理），22:00后自动唤醒
[2026-08-13 02:40:16] heygem-tts 未运行 -> 维护时段跳过拉起（尊重22:00资源清理），22:00后自动唤醒
[2026-08-13 02:41:16] heygem-gen-video 未运行 -> 维护时段跳过拉起（尊重22:00资源清理），22:00后自动唤醒
[2026-08-13 02:41:17] heygem-tts 未运行 -> 维护时段跳过拉起（尊重22:00资源清理），22:00后自动唤醒
[2026-08-13 02:42:17] heygem-gen-video 未运行 -> 维护时段跳过拉起（尊重22:00资源清理），22:00后自动唤醒
[2026-08-13 02:42:17] heygem-tts 未运行 -> 维护时段跳过拉起（尊重22:00资源清理），22:00后自动唤醒
[2026-08-13 02:43:17] heygem-gen-video 未运行 -> 维护时段跳过拉起（尊重22:00资源清理），22:00后自动唤醒
[2026-08-13 02:43:17] heygem-tts 未运行 -> 维护时段跳过拉起（尊重22:00资源清理），22:00后自动唤醒
[2026-08-13 02:44:17] heygem-gen-video 未运行 -> 维护时段跳过拉起（尊重22:00资源清理），22:00后自动唤醒
[2026-08-13 02:44:17] heygem-tts 未运行 -> 维护时段跳过拉起（尊重22:00资源清理），22:00后自动唤醒
[2026-08-13 02:45:17] heygem-gen-video 未运行 -> 维护时段跳过拉起（尊重22:00资源清理），22:00后自动唤醒
[2026-08-13 02:45:17] heygem-tts 未运行 -> 维护时段跳过拉起（尊重22:00资源清理），22:00后自动唤醒
[2026-08-13 02:46:17] heygem-gen-video 未运行 -> 维护时段跳过拉起（尊重22:00资源清理），22:00后自动唤醒
[2026-08-13 02:46:17] heygem-tts 未运行 -> 维护时段跳过拉起（尊重22:00资源清理），22:00后自动唤醒
[2026-08-13 02:47:17] heygem-gen-video 未运行 -> 维护时段跳过拉起（尊重22:00资源清理），22:00后自动唤醒
[2026-08-13 02:47:17] heygem-tts 未运行 -> 维护时段跳过拉起（尊重22:00资源清理），22:00后自动唤醒
[2026-08-13 02:48:17] heygem-gen-video 未运行 -> 维护时段跳过拉起（尊重22:00资源清理），22:00后自动唤醒
[2026-08-13 02:48:17] heygem-tts 未运行 -> 维护时段跳过拉起（尊重22:00资源清理），22:00后自动唤醒
[2026-08-13 02:49:17] heygem-gen-video 未运行 -> 维护时段跳过拉起（尊重22:00资源清理），22:00后自动唤醒
[2026-08-13 02:49:17] heygem-tts 未运行 -> 维护时段跳过拉起（尊重22:00资源清理），22:00后自动唤醒
[2026-08-13 02:50:18] heygem-gen-video 未运行 -> 维护时段跳过拉起（尊重22:00资源清理），22:00后自动唤醒
[2026-08-13 02:50:18] heygem-tts 未运行 -> 维护时段跳过拉起（尊重22:00资源清理），22:00后自动唤醒
[2026-08-13 02:51:18] heygem-gen-video 未运行 -> 维护时段跳过拉起（尊重22:00资源清理），22:00后自动唤醒
[2026-08-13 02:51:18] heygem-tts 未运行 -> 维护时段跳过拉起（尊重22:00资源清理），22:00后自动唤醒
[2026-08-13 02:52:18] heygem-gen-video 未运行 -> 维护时段跳过拉起（尊重22:00资源清理），22:00后自动唤醒
[2026-08-13 02:52:18] heygem-tts 未运行 -> 维护时段跳过拉起（尊重22:00资源清理），22:00后自动唤醒
[2026-08-13 02:53:18] heygem-gen-video 未运行 -> 维护时段跳过拉起（尊重22:00资源清理），22:00后自动唤醒
[2026-08-13 02:53:18] heygem-tts 未运行 -> 维护时段跳过拉起（尊重22:00资源清理），22:00后自动唤醒
[2026-08-13 02:54:18] heygem-gen-video 未运行 -> 维护时段跳过拉起（尊重22:00资源清理），22:00后自动唤醒
[2026-08-13 02:54:18] heygem-tts 未运行 -> 维护时段跳过拉起（尊重22:00资源清理），22:00后自动唤醒
[2026-08-13 02:55:18] heygem-gen-video 未运行 -> 维护时段跳过拉起（尊重22:00资源清理），22:00后自动唤醒
[2026-08-13 02:55:18] heygem-tts 未运行 -> 维护时段跳过拉起（尊重22:00资源清理），22:00后自动唤醒
[2026-08-13 02:56:18] heygem-gen-video 未运行 -> 维护时段跳过拉起（尊重22:00资源清理），22:00后自动唤醒
[2026-08-13 02:56:18] heygem-tts 未运行 -> 维护时段跳过拉起（尊重22:00资源清理），22:00后自动唤醒
[2026-08-13 02:57:18] heygem-gen-video 未运行 -> 维护时段跳过拉起（尊重22:00资源清理），22:00后自动唤醒
[2026-08-13 02:57:18] heygem-tts 未运行 -> 维护时段跳过拉起（尊重22:00资源清理），22:00后自动唤醒
[2026-08-13 02:58:18] heygem-gen-video 未运行 -> 维护时段跳过拉起（尊重22:00资源清理），22:00后自动唤醒
[2026-08-13 02:58:18] heygem-tts 未运行 -> 维护时段跳过拉起（尊重22:00资源清理），22:00后自动唤醒
[2026-08-13 02:59:19] heygem-gen-video 未运行 -> 维护时段跳过拉起（尊重22:00资源清理），22:00后自动唤醒
[2026-08-13 02:59:19] heygem-tts 未运行 -> 维护时段跳过拉起（尊重22:00资源清理），22:00后自动唤醒
[2026-08-13 03:00:19] heygem-gen-video 未运行 -> 维护时段跳过拉起（尊重22:00资源清理），22:00后自动唤醒
[2026-08-13 03:00:19] heygem-tts 未运行 -> 维护时段跳过拉起（尊重22:00资源清理），22:00后自动唤醒
[2026-08-13 03:01:19] heygem-gen-video 未运行 -> 维护时段跳过拉起（尊重22:00资源清理），22:00后自动唤醒
[2026-08-13 03:01:19] heygem-tts 未运行 -> 维护时段跳过拉起（尊重22:00资源清理），22:00后自动唤醒
[2026-08-13 03:02:19] heygem-gen-video 未运行 -> 维护时段跳过拉起（尊重22:00资源清理），22:00后自动唤醒
[2026-08-13 03:02:19] heygem-tts 未运行 -> 维护时段跳过拉起（尊重22:00资源清理），22:00后自动唤醒
[2026-08-13 03:03:19] heygem-gen-video 未运行 -> 维护时段跳过拉起（尊重22:00资源清理），22:00后自动唤醒
[2026-08-13 03:03:19] heygem-tts 未运行 -> 维护时段跳过拉起（尊重22:00资源清理），22:00后自动唤醒
[2026-08-13 03:04:19] heygem-gen-video 未运行 -> 维护时段跳过拉起（尊重22:00资源清理），22:00后自动唤醒
[2026-08-13 03:04:19] heygem-tts 未运行 -> 维护时段跳过拉起（尊重22:00资源清理），22:00后自动唤醒
[2026-08-13 03:05:19] heygem-gen-video 未运行 -> 维护时段跳过拉起（尊重22:00资源清理），22:00后自动唤醒
[2026-08-13 03:05:19] heygem-tts 未运行 -> 维护时段跳过拉起（尊重22:00资源清理），22:00后自动唤醒
[2026-08-13 03:06:19] heygem-gen-video 未运行 -> 维护时段跳过拉起（尊重22:00资源清理），22:00后自动唤醒
[2026-08-13 03:06:19] heygem-tts 未运行 -> 维护时段跳过拉起（尊重22:00资源清理），22:00后自动唤醒
[2026-08-13 03:07:20] heygem-gen-video 未运行 -> 维护时段跳过拉起（尊重22:00资源清理），22:00后自动唤醒
[2026-08-13 03:07:20] heygem-tts 未运行 -> 维护时段跳过拉起（尊重22:00资源清理），22:00后自动唤醒
[2026-08-13 03:08:20] heygem-gen-video 未运行 -> 维护时段跳过拉起（尊重22:00资源清理），22:00后自动唤醒
[2026-08-13 03:08:20] heygem-tts 未运行 -> 维护时段跳过拉起（尊重22:00资源清理），22:00后自动唤醒
[2026-08-13 03:09:20] heygem-gen-video 未运行 -> 维护时段跳过拉起（尊重22:00资源清理），22:00后自动唤醒
[2026-08-13 03:09:20] heygem-tts 未运行 -> 维护时段跳过拉起（尊重22:00资源清理），22:00后自动唤醒
[2026-08-13 03:10:20] heygem-gen-video 未运行 -> 维护时段跳过拉起（尊重22:00资源清理），22:00后自动唤醒
[2026-08-13 03:10:20] heygem-tts 未运行 -> 维护时段跳过拉起（尊重22:00资源清理），22:00后自动唤醒
[2026-08-13 03:11:20] heygem-gen-video 未运行 -> 维护时段跳过拉起（尊重22:00资源清理），22:00后自动唤醒
[2026-08-13 03:11:20] heygem-tts 未运行 -> 维护时段跳过拉起（尊重22:00资源清理），22:00后自动唤醒
[2026-08-13 03:12:20] heygem-gen-video 未运行 -> 维护时段跳过拉起（尊重22:00资源清理），22:00后自动唤醒
[2026-08-13 03:12:20] heygem-tts 未运行 -> 维护时段跳过拉起（尊重22:00资源清理），22:00后自动唤醒
[2026-08-13 03:13:20] heygem-gen-video 未运行 -> 维护时段跳过拉起（尊重22:00资源清理），22:00后自动唤醒
[2026-08-13 03:13:20] heygem-tts 未运行 -> 维护时段跳过拉起（尊重22:00资源清理），22:00后自动唤醒
[2026-08-13 03:14:20] heygem-gen-video 未运行 -> 维护时段跳过拉起（尊重22:00资源清理），22:00后自动唤醒
[2026-08-13 03:14:20] heygem-tts 未运行 -> 维护时段跳过拉起（尊重22:00资源清理），22:00后自动唤醒
[2026-08-13 03:15:20] heygem-gen-video 未运行 -> 维护时段跳过拉起（尊重22:00资源清理），22:00后自动唤醒
[2026-08-13 03:15:21] heygem-tts 未运行 -> 维护时段跳过拉起（尊重22:00资源清理），22:00后自动唤醒
[2026-08-13 03:16:21] heygem-gen-video 未运行 -> 维护时段跳过拉起（尊重22:00资源清理），22:00后自动唤醒
[2026-08-13 03:16:21] heygem-tts 未运行 -> 维护时段跳过拉起（尊重22:00资源清理），22:00后自动唤醒
[2026-08-13 03:17:21] heygem-gen-video 未运行 -> 维护时段跳过拉起（尊重22:00资源清理），22:00后自动唤醒
[2026-08-13 03:17:21] heygem-tts 未运行 -> 维护时段跳过拉起（尊重22:00资源清理），22:00后自动唤醒
[2026-08-13 03:18:21] heygem-gen-video 未运行 -> 维护时段跳过拉起（尊重22:00资源清理），22:00后自动唤醒
[2026-08-13 03:18:21] heygem-tts 未运行 -> 维护时段跳过拉起（尊重22:00资源清理），22:00后自动唤醒
[2026-08-13 03:19:21] heygem-gen-video 未运行 -> 维护时段跳过拉起（尊重22:00资源清理），22:00后自动唤醒
[2026-08-13 03:19:21] heygem-tts 未运行 -> 维护时段跳过拉起（尊重22:00资源清理），22:00后自动唤醒
[2026-08-13 03:20:21] heygem-gen-video 未运行 -> 维护时段跳过拉起（尊重22:00资源清理），22:00后自动唤醒
[2026-08-13 03:20:21] heygem-tts 未运行 -> 维护时段跳过拉起（尊重22:00资源清理），22:00后自动唤醒
[2026-08-13 03:21:21] heygem-gen-video 未运行 -> 维护时段跳过拉起（尊重22:00资源清理），22:00后自动唤醒
[2026-08-13 03:21:21] heygem-tts 未运行 -> 维护时段跳过拉起（尊重22:00资源清理），22:00后自动唤醒
[2026-08-13 03:22:21] heygem-gen-video 未运行 -> 维护时段跳过拉起（尊重22:00资源清理），22:00后自动唤醒
[2026-08-13 03:22:21] heygem-tts 未运行 -> 维护时段跳过拉起（尊重22:00资源清理），22:00后自动唤醒
[2026-08-13 03:23:21] heygem-gen-video 未运行 -> 维护时段跳过拉起（尊重22:00资源清理），22:00后自动唤醒
[2026-08-13 03:23:22] heygem-tts 未运行 -> 维护时段跳过拉起（尊重22:00资源清理），22:00后自动唤醒
[2026-08-13 03:24:22] heygem-gen-video 未运行 -> 维护时段跳过拉起（尊重22:00资源清理），22:00后自动唤醒
[2026-08-13 03:24:22] heygem-tts 未运行 -> 维护时段跳过拉起（尊重22:00资源清理），22:00后自动唤醒
[2026-08-13 03:25:22] heygem-gen-video 未运行 -> 维护时段跳过拉起（尊重22:00资源清理），22:00后自动唤醒
[2026-08-13 03:25:22] heygem-tts 未运行 -> 维护时段跳过拉起（尊重22:00资源清理），22:00后自动唤醒
[2026-08-13 03:26:22] heygem-gen-video 未运行 -> 维护时段跳过拉起（尊重22:00资源清理），22:00后自动唤醒
[2026-08-13 03:26:22] heygem-tts 未运行 -> 维护时段跳过拉起（尊重22:00资源清理），22:00后自动唤醒
[2026-08-13 03:27:22] heygem-gen-video 未运行 -> 维护时段跳过拉起（尊重22:00资源清理），22:00后自动唤醒
[2026-08-13 03:27:22] heygem-tts 未运行 -> 维护时段跳过拉起（尊重22:00资源清理），22:00后自动唤醒
[2026-08-13 03:28:22] heygem-gen-video 未运行 -> 维护时段跳过拉起（尊重22:00资源清理），22:00后自动唤醒
[2026-08-13 03:28:22] heygem-tts 未运行 -> 维护时段跳过拉起（尊重22:00资源清理），22:00后自动唤醒
[2026-08-13 03:29:22] heygem-gen-video 未运行 -> 维护时段跳过拉起（尊重22:00资源清理），22:00后自动唤醒
[2026-08-13 03:29:22] heygem-tts 未运行 -> 维护时段跳过拉起（尊重22:00资源清理），22:00后自动唤醒
[2026-08-13 03:30:22] heygem-gen-video 未运行 -> 维护时段跳过拉起（尊重22:00资源清理），22:00后自动唤醒
[2026-08-13 03:30:22] heygem-tts 未运行 -> 维护时段跳过拉起（尊重22:00资源清理），22:00后自动唤醒
[2026-08-13 03:31:22] heygem-gen-video 未运行 -> 维护时段跳过拉起（尊重22:00资源清理），22:00后自动唤醒
[2026-08-13 03:31:22] heygem-tts 未运行 -> 维护时段跳过拉起（尊重22:00资源清理），22:00后自动唤醒
[2026-08-13 03:32:23] heygem-gen-video 未运行 -> 维护时段跳过拉起（尊重22:00资源清理），22:00后自动唤醒
[2026-08-13 03:32:23] heygem-tts 未运行 -> 维护时段跳过拉起（尊重22:00资源清理），22:00后自动唤醒
[2026-08-13 03:33:23] heygem-gen-video 未运行 -> 维护时段跳过拉起（尊重22:00资源清理），22:00后自动唤醒
[2026-08-13 03:33:23] heygem-tts 未运行 -> 维护时段跳过拉起（尊重22:00资源清理），22:00后自动唤醒
[2026-08-13 03:34:23] heygem-gen-video 未运行 -> 维护时段跳过拉起（尊重22:00资源清理），22:00后自动唤醒
[2026-08-13 03:34:23] heygem-tts 未运行 -> 维护时段跳过拉起（尊重22:00资源清理），22:00后自动唤醒
[2026-08-13 03:35:23] heygem-gen-video 未运行 -> 维护时段跳过拉起（尊重22:00资源清理），22:00后自动唤醒
[2026-08-13 03:35:23] heygem-tts 未运行 -> 维护时段跳过拉起（尊重22:00资源清理），22:00后自动唤醒
[2026-08-13 03:36:23] heygem-gen-video 未运行 -> 维护时段跳过拉起（尊重22:00资源清理），22:00后自动唤醒
[2026-08-13 03:36:23] heygem-tts 未运行 -> 维护时段跳过拉起（尊重22:00资源清理），22:00后自动唤醒
[2026-08-13 03:37:23] heygem-gen-video 未运行 -> 维护时段跳过拉起（尊重22:00资源清理），22:00后自动唤醒
[2026-08-13 03:37:23] heygem-tts 未运行 -> 维护时段跳过拉起（尊重22:00资源清理），22:00后自动唤醒
[2026-08-13 03:38:23] heygem-gen-video 未运行 -> 维护时段跳过拉起（尊重22:00资源清理），22:00后自动唤醒
[2026-08-13 03:38:23] heygem-tts 未运行 -> 维护时段跳过拉起（尊重22:00资源清理），22:00后自动唤醒
[2026-08-13 03:39:23] heygem-gen-video 未运行 -> 维护时段跳过拉起（尊重22:00资源清理），22:00后自动唤醒
[2026-08-13 03:39:23] heygem-tts 未运行 -> 维护时段跳过拉起（尊重22:00资源清理），22:00后自动唤醒
[2026-08-13 03:40:24] heygem-gen-video 未运行 -> 维护时段跳过拉起（尊重22:00资源清理），22:00后自动唤醒
[2026-08-13 03:40:24] heygem-tts 未运行 -> 维护时段跳过拉起（尊重22:00资源清理），22:00后自动唤醒
[2026-08-13 03:41:24] heygem-gen-video 未运行 -> 维护时段跳过拉起（尊重22:00资源清理），22:00后自动唤醒
[2026-08-13 03:41:24] heygem-tts 未运行 -> 维护时段跳过拉起（尊重22:00资源清理），22:00后自动唤醒
[2026-08-13 03:42:24] heygem-gen-video 未运行 -> 维护时段跳过拉起（尊重22:00资源清理），22:00后自动唤醒
[2026-08-13 03:42:24] heygem-tts 未运行 -> 维护时段跳过拉起（尊重22:00资源清理），22:00后自动唤醒
[2026-08-13 03:43:24] heygem-gen-video 未运行 -> 维护时段跳过拉起（尊重22:00资源清理），22:00后自动唤醒
[2026-08-13 03:43:24] heygem-tts 未运行 -> 维护时段跳过拉起（尊重22:00资源清理），22:00后自动唤醒
[2026-08-13 03:44:24] heygem-gen-video 未运行 -> 维护时段跳过拉起（尊重22:00资源清理），22:00后自动唤醒
[2026-08-13 03:44:24] heygem-tts 未运行 -> 维护时段跳过拉起（尊重22:00资源清理），22:00后自动唤醒
[2026-08-13 03:45:24] heygem-gen-video 未运行 -> 维护时段跳过拉起（尊重22:00资源清理），22:00后自动唤醒
[2026-08-13 03:45:24] heygem-tts 未运行 -> 维护时段跳过拉起（尊重22:00资源清理），22:00后自动唤醒
[2026-08-13 03:46:24] heygem-gen-video 未运行 -> 维护时段跳过拉起（尊重22:00资源清理），22:00后自动唤醒
[2026-08-13 03:46:24] heygem-tts 未运行 -> 维护时段跳过拉起（尊重22:00资源清理），22:00后自动唤醒
[2026-08-13 03:47:24] heygem-gen-video 未运行 -> 维护时段跳过拉起（尊重22:00资源清理），22:00后自动唤醒
[2026-08-13 03:47:24] heygem-tts 未运行 -> 维护时段跳过拉起（尊重22:00资源清理），22:00后自动唤醒
[2026-08-13 03:48:24] heygem-gen-video 未运行 -> 维护时段跳过拉起（尊重22:00资源清理），22:00后自动唤醒
[2026-08-13 03:48:25] heygem-tts 未运行 -> 维护时段跳过拉起（尊重22:00资源清理），22:00后自动唤醒
[2026-08-13 03:49:25] heygem-gen-video 未运行 -> 维护时段跳过拉起（尊重22:00资源清理），22:00后自动唤醒
[2026-08-13 03:49:25] heygem-tts 未运行 -> 维护时段跳过拉起（尊重22:00资源清理），22:00后自动唤醒
[2026-08-13 03:50:25] heygem-gen-video 未运行 -> 维护时段跳过拉起（尊重22:00资源清理），22:00后自动唤醒
[2026-08-13 03:50:25] heygem-tts 未运行 -> 维护时段跳过拉起（尊重22:00资源清理），22:00后自动唤醒
[2026-08-13 03:51:25] heygem-gen-video 未运行 -> 维护时段跳过拉起（尊重22:00资源清理），22:00后自动唤醒
[2026-08-13 03:51:25] heygem-tts 未运行 -> 维护时段跳过拉起（尊重22:00资源清理），22:00后自动唤醒
[2026-08-13 03:52:25] heygem-gen-video 未运行 -> 维护时段跳过拉起（尊重22:00资源清理），22:00后自动唤醒
[2026-08-13 03:52:25] heygem-tts 未运行 -> 维护时段跳过拉起（尊重22:00资源清理），22:00后自动唤醒
[2026-08-13 03:53:25] heygem-gen-video 未运行 -> 维护时段跳过拉起（尊重22:00资源清理），22:00后自动唤醒
[2026-08-13 03:53:25] heygem-tts 未运行 -> 维护时段跳过拉起（尊重22:00资源清理），22:00后自动唤醒
[2026-08-13 03:54:25] heygem-gen-video 未运行 -> 维护时段跳过拉起（尊重22:00资源清理），22:00后自动唤醒
[2026-08-13 03:54:25] heygem-tts 未运行 -> 维护时段跳过拉起（尊重22:00资源清理），22:00后自动唤醒
[2026-08-13 03:55:25] heygem-gen-video 未运行 -> 维护时段跳过拉起（尊重22:00资源清理），22:00后自动唤醒
[2026-08-13 03:55:25] heygem-tts 未运行 -> 维护时段跳过拉起（尊重22:00资源清理），22:00后自动唤醒
[2026-08-13 03:56:25] heygem-gen-video 未运行 -> 维护时段跳过拉起（尊重22:00资源清理），22:00后自动唤醒
[2026-08-13 03:56:25] heygem-tts 未运行 -> 维护时段跳过拉起（尊重22:00资源清理），22:00后自动唤醒
[2026-08-13 03:57:26] heygem-gen-video 未运行 -> 维护时段跳过拉起（尊重22:00资源清理），22:00后自动唤醒
[2026-08-13 03:57:26] heygem-tts 未运行 -> 维护时段跳过拉起（尊重22:00资源清理），22:00后自动唤醒
[2026-08-13 03:58:26] heygem-gen-video 未运行 -> 维护时段跳过拉起（尊重22:00资源清理），22:00后自动唤醒
[2026-08-13 03:58:26] heygem-tts 未运行 -> 维护时段跳过拉起（尊重22:00资源清理），22:00后自动唤醒
[2026-08-13 03:59:26] heygem-gen-video 未运行 -> 维护时段跳过拉起（尊重22:00资源清理），22:00后自动唤醒
[2026-08-13 03:59:26] heygem-tts 未运行 -> 维护时段跳过拉起（尊重22:00资源清理），22:00后自动唤醒
[2026-08-13 04:00:26] heygem-gen-video 未运行 -> 维护时段跳过拉起（尊重22:00资源清理），22:00后自动唤醒
[2026-08-13 04:00:26] heygem-tts 未运行 -> 维护时段跳过拉起（尊重22:00资源清理），22:00后自动唤醒
[2026-08-13 04:01:26] heygem-gen-video 未运行 -> 维护时段跳过拉起（尊重22:00资源清理），22:00后自动唤醒
[2026-08-13 04:01:26] heygem-tts 未运行 -> 维护时段跳过拉起（尊重22:00资源清理），22:00后自动唤醒
[2026-08-13 04:02:26] heygem-gen-video 未运行 -> 维护时段跳过拉起（尊重22:00资源清理），22:00后自动唤醒
[2026-08-13 04:02:26] heygem-tts 未运行 -> 维护时段跳过拉起（尊重22:00资源清理），22:00后自动唤醒
[2026-08-13 04:03:26] heygem-gen-video 未运行 -> 维护时段跳过拉起（尊重22:00资源清理），22:00后自动唤醒
[2026-08-13 04:03:26] heygem-tts 未运行 -> 维护时段跳过拉起（尊重22:00资源清理），22:00后自动唤醒
[2026-08-13 04:04:26] heygem-gen-video 未运行 -> 维护时段跳过拉起（尊重22:00资源清理），22:00后自动唤醒
[2026-08-13 04:04:26] heygem-tts 未运行 -> 维护时段跳过拉起（尊重22:00资源清理），22:00后自动唤醒
[2026-08-13 04:05:26] heygem-gen-video 未运行 -> 维护时段跳过拉起（尊重22:00资源清理），22:00后自动唤醒
[2026-08-13 04:05:27] heygem-tts 未运行 -> 维护时段跳过拉起（尊重22:00资源清理），22:00后自动唤醒
[2026-08-13 04:06:27] heygem-gen-video 未运行 -> 维护时段跳过拉起（尊重22:00资源清理），22:00后自动唤醒
[2026-08-13 04:06:27] heygem-tts 未运行 -> 维护时段跳过拉起（尊重22:00资源清理），22:00后自动唤醒
[2026-08-13 04:07:27] heygem-gen-video 未运行 -> 维护时段跳过拉起（尊重22:00资源清理），22:00后自动唤醒
[2026-08-13 04:07:27] heygem-tts 未运行 -> 维护时段跳过拉起（尊重22:00资源清理），22:00后自动唤醒
[2026-08-13 04:08:27] heygem-gen-video 未运行 -> 维护时段跳过拉起（尊重22:00资源清理），22:00后自动唤醒
[2026-08-13 04:08:27] heygem-tts 未运行 -> 维护时段跳过拉起（尊重22:00资源清理），22:00后自动唤醒
[2026-08-13 04:09:27] heygem-gen-video 未运行 -> 维护时段跳过拉起（尊重22:00资源清理），22:00后自动唤醒
[2026-08-13 04:09:27] heygem-tts 未运行 -> 维护时段跳过拉起（尊重22:00资源清理），22:00后自动唤醒
[2026-08-13 04:10:27] heygem-gen-video 未运行 -> 维护时段跳过拉起（尊重22:00资源清理），22:00后自动唤醒
[2026-08-13 04:10:27] heygem-tts 未运行 -> 维护时段跳过拉起（尊重22:00资源清理），22:00后自动唤醒
[2026-08-13 04:11:27] heygem-gen-video 未运行 -> 维护时段跳过拉起（尊重22:00资源清理），22:00后自动唤醒
[2026-08-13 04:11:27] heygem-tts 未运行 -> 维护时段跳过拉起（尊重22:00资源清理），22:00后自动唤醒
[2026-08-13 04:12:27] heygem-gen-video 未运行 -> 维护时段跳过拉起（尊重22:00资源清理），22:00后自动唤醒
[2026-08-13 04:12:27] heygem-tts 未运行 -> 维护时段跳过拉起（尊重22:00资源清理），22:00后自动唤醒
[2026-08-13 04:13:27] heygem-gen-video 未运行 -> 维护时段跳过拉起（尊重22:00资源清理），22:00后自动唤醒
[2026-08-13 04:13:27] heygem-tts 未运行 -> 维护时段跳过拉起（尊重22:00资源清理），22:00后自动唤醒
[2026-08-13 04:14:28] heygem-gen-video 未运行 -> 维护时段跳过拉起（尊重22:00资源清理），22:00后自动唤醒
[2026-08-13 04:14:28] heygem-tts 未运行 -> 维护时段跳过拉起（尊重22:00资源清理），22:00后自动唤醒
[2026-08-13 04:15:28] heygem-gen-video 未运行 -> 维护时段跳过拉起（尊重22:00资源清理），22:00后自动唤醒
[2026-08-13 04:15:28] heygem-tts 未运行 -> 维护时段跳过拉起（尊重22:00资源清理），22:00后自动唤醒
[2026-08-13 04:16:28] heygem-gen-video 未运行 -> 维护时段跳过拉起（尊重22:00资源清理），22:00后自动唤醒
[2026-08-13 04:16:28] heygem-tts 未运行 -> 维护时段跳过拉起（尊重22:00资源清理），22:00后自动唤醒
[2026-08-13 04:17:28] heygem-gen-video 未运行 -> 维护时段跳过拉起（尊重22:00资源清理），22:00后自动唤醒
[2026-08-13 04:17:28] heygem-tts 未运行 -> 维护时段跳过拉起（尊重22:00资源清理），22:00后自动唤醒
[2026-08-13 04:18:28] heygem-gen-video 未运行 -> 维护时段跳过拉起（尊重22:00资源清理），22:00后自动唤醒
[2026-08-13 04:18:28] heygem-tts 未运行 -> 维护时段跳过拉起（尊重22:00资源清理），22:00后自动唤醒
[2026-08-13 04:19:28] heygem-gen-video 未运行 -> 维护时段跳过拉起（尊重22:00资源清理），22:00后自动唤醒
[2026-08-13 04:19:28] heygem-tts 未运行 -> 维护时段跳过拉起（尊重22:00资源清理），22:00后自动唤醒
[2026-08-13 04:20:28] heygem-gen-video 未运行 -> 维护时段跳过拉起（尊重22:00资源清理），22:00后自动唤醒
[2026-08-13 04:20:28] heygem-tts 未运行 -> 维护时段跳过拉起（尊重22:00资源清理），22:00后自动唤醒
[2026-08-13 04:21:28] heygem-gen-video 未运行 -> 维护时段跳过拉起（尊重22:00资源清理），22:00后自动唤醒
[2026-08-13 04:21:28] heygem-tts 未运行 -> 维护时段跳过拉起（尊重22:00资源清理），22:00后自动唤醒
[2026-08-13 04:22:28] heygem-gen-video 未运行 -> 维护时段跳过拉起（尊重22:00资源清理），22:00后自动唤醒
[2026-08-13 04:22:29] heygem-tts 未运行 -> 维护时段跳过拉起（尊重22:00资源清理），22:00后自动唤醒
[2026-08-13 04:23:29] heygem-gen-video 未运行 -> 维护时段跳过拉起（尊重22:00资源清理），22:00后自动唤醒
[2026-08-13 04:23:29] heygem-tts 未运行 -> 维护时段跳过拉起（尊重22:00资源清理），22:00后自动唤醒
[2026-08-13 04:24:29] heygem-gen-video 未运行 -> 维护时段跳过拉起（尊重22:00资源清理），22:00后自动唤醒
[2026-08-13 04:24:29] heygem-tts 未运行 -> 维护时段跳过拉起（尊重22:00资源清理），22:00后自动唤醒
[2026-08-13 04:25:29] heygem-gen-video 未运行 -> 维护时段跳过拉起（尊重22:00资源清理），22:00后自动唤醒
[2026-08-13 04:25:29] heygem-tts 未运行 -> 维护时段跳过拉起（尊重22:00资源清理），22:00后自动唤醒
[2026-08-13 04:26:29] heygem-gen-video 未运行 -> 维护时段跳过拉起（尊重22:00资源清理），22:00后自动唤醒
[2026-08-13 04:26:29] heygem-tts 未运行 -> 维护时段跳过拉起（尊重22:00资源清理），22:00后自动唤醒
[2026-08-13 04:27:29] heygem-gen-video 未运行 -> 维护时段跳过拉起（尊重22:00资源清理），22:00后自动唤醒
[2026-08-13 04:27:29] heygem-tts 未运行 -> 维护时段跳过拉起（尊重22:00资源清理），22:00后自动唤醒
[2026-08-13 04:28:29] heygem-gen-video 未运行 -> 维护时段跳过拉起（尊重22:00资源清理），22:00后自动唤醒
[2026-08-13 04:28:29] heygem-tts 未运行 -> 维护时段跳过拉起（尊重22:00资源清理），22:00后自动唤醒
[2026-08-13 04:29:29] heygem-gen-video 未运行 -> 维护时段跳过拉起（尊重22:00资源清理），22:00后自动唤醒
[2026-08-13 04:29:29] heygem-tts 未运行 -> 维护时段跳过拉起（尊重22:00资源清理），22:00后自动唤醒
[2026-08-13 04:30:29] heygem-gen-video 未运行 -> 维护时段跳过拉起（尊重22:00资源清理），22:00后自动唤醒
[2026-08-13 04:30:29] heygem-tts 未运行 -> 维护时段跳过拉起（尊重22:00资源清理），22:00后自动唤醒
[2026-08-13 04:31:30] heygem-gen-video 未运行 -> 维护时段跳过拉起（尊重22:00资源清理），22:00后自动唤醒
[2026-08-13 04:31:30] heygem-tts 未运行 -> 维护时段跳过拉起（尊重22:00资源清理），22:00后自动唤醒
[2026-08-13 04:32:30] heygem-gen-video 未运行 -> 维护时段跳过拉起（尊重22:00资源清理），22:00后自动唤醒
[2026-08-13 04:32:30] heygem-tts 未运行 -> 维护时段跳过拉起（尊重22:00资源清理），22:00后自动唤醒
[2026-08-13 04:33:30] heygem-gen-video 未运行 -> 维护时段跳过拉起（尊重22:00资源清理），22:00后自动唤醒
[2026-08-13 04:33:30] heygem-tts 未运行 -> 维护时段跳过拉起（尊重22:00资源清理），22:00后自动唤醒
[2026-08-13 04:34:30] heygem-gen-video 未运行 -> 维护时段跳过拉起（尊重22:00资源清理），22:00后自动唤醒
[2026-08-13 04:34:30] heygem-tts 未运行 -> 维护时段跳过拉起（尊重22:00资源清理），22:00后自动唤醒
[2026-08-13 04:35:30] heygem-gen-video 未运行 -> 维护时段跳过拉起（尊重22:00资源清理），22:00后自动唤醒
[2026-08-13 04:35:30] heygem-tts 未运行 -> 维护时段跳过拉起（尊重22:00资源清理），22:00后自动唤醒
[2026-08-13 04:36:30] heygem-gen-video 未运行 -> 维护时段跳过拉起（尊重22:00资源清理），22:00后自动唤醒
[2026-08-13 04:36:30] heygem-tts 未运行 -> 维护时段跳过拉起（尊重22:00资源清理），22:00后自动唤醒
[2026-08-13 04:37:30] heygem-gen-video 未运行 -> 维护时段跳过拉起（尊重22:00资源清理），22:00后自动唤醒
[2026-08-13 04:37:30] heygem-tts 未运行 -> 维护时段跳过拉起（尊重22:00资源清理），22:00后自动唤醒
[2026-08-13 04:38:30] heygem-gen-video 未运行 -> 维护时段跳过拉起（尊重22:00资源清理），22:00后自动唤醒
[2026-08-13 04:38:30] heygem-tts 未运行 -> 维护时段跳过拉起（尊重22:00资源清理），22:00后自动唤醒
[2026-08-13 04:39:31] heygem-gen-video 未运行 -> 维护时段跳过拉起（尊重22:00资源清理），22:00后自动唤醒
[2026-08-13 04:39:31] heygem-tts 未运行 -> 维护时段跳过拉起（尊重22:00资源清理），22:00后自动唤醒
[2026-08-13 04:40:31] heygem-gen-video 未运行 -> 维护时段跳过拉起（尊重22:00资源清理），22:00后自动唤醒
[2026-08-13 04:40:31] heygem-tts 未运行 -> 维护时段跳过拉起（尊重22:00资源清理），22:00后自动唤醒
[2026-08-13 04:41:31] heygem-gen-video 未运行 -> 维护时段跳过拉起（尊重22:00资源清理），22:00后自动唤醒
[2026-08-13 04:41:31] heygem-tts 未运行 -> 维护时段跳过拉起（尊重22:00资源清理），22:00后自动唤醒
[2026-08-13 04:42:31] heygem-gen-video 未运行 -> 维护时段跳过拉起（尊重22:00资源清理），22:00后自动唤醒
[2026-08-13 04:42:31] heygem-tts 未运行 -> 维护时段跳过拉起（尊重22:00资源清理），22:00后自动唤醒
[2026-08-13 04:43:31] heygem-gen-video 未运行 -> 维护时段跳过拉起（尊重22:00资源清理），22:00后自动唤醒
[2026-08-13 04:43:31] heygem-tts 未运行 -> 维护时段跳过拉起（尊重22:00资源清理），22:00后自动唤醒
[2026-08-13 04:44:31] heygem-gen-video 未运行 -> 维护时段跳过拉起（尊重22:00资源清理），22:00后自动唤醒
[2026-08-13 04:44:31] heygem-tts 未运行 -> 维护时段跳过拉起（尊重22:00资源清理），22:00后自动唤醒
[2026-08-13 04:45:31] heygem-gen-video 未运行 -> 维护时段跳过拉起（尊重22:00资源清理），22:00后自动唤醒
[2026-08-13 04:45:31] heygem-tts 未运行 -> 维护时段跳过拉起（尊重22:00资源清理），22:00后自动唤醒
[2026-08-13 04:46:31] heygem-gen-video 未运行 -> 维护时段跳过拉起（尊重22:00资源清理），22:00后自动唤醒
[2026-08-13 04:46:31] heygem-tts 未运行 -> 维护时段跳过拉起（尊重22:00资源清理），22:00后自动唤醒
[2026-08-13 04:47:32] heygem-gen-video 未运行 -> 维护时段跳过拉起（尊重22:00资源清理），22:00后自动唤醒
[2026-08-13 04:47:32] heygem-tts 未运行 -> 维护时段跳过拉起（尊重22:00资源清理），22:00后自动唤醒
[2026-08-13 04:48:32] heygem-gen-video 未运行 -> 维护时段跳过拉起（尊重22:00资源清理），22:00后自动唤醒
[2026-08-13 04:48:32] heygem-tts 未运行 -> 维护时段跳过拉起（尊重22:00资源清理），22:00后自动唤醒
[2026-08-13 04:49:32] heygem-gen-video 未运行 -> 维护时段跳过拉起（尊重22:00资源清理），22:00后自动唤醒
[2026-08-13 04:49:32] heygem-tts 未运行 -> 维护时段跳过拉起（尊重22:00资源清理），22:00后自动唤醒
[2026-08-13 04:50:32] heygem-gen-video 未运行 -> 维护时段跳过拉起（尊重22:00资源清理），22:00后自动唤醒
[2026-08-13 04:50:32] heygem-tts 未运行 -> 维护时段跳过拉起（尊重22:00资源清理），22:00后自动唤醒
[2026-08-13 04:51:32] heygem-gen-video 未运行 -> 维护时段跳过拉起（尊重22:00资源清理），22:00后自动唤醒
[2026-08-13 04:51:32] heygem-tts 未运行 -> 维护时段跳过拉起（尊重22:00资源清理），22:00后自动唤醒
[2026-08-13 04:52:32] heygem-gen-video 未运行 -> 维护时段跳过拉起（尊重22:00资源清理），22:00后自动唤醒
[2026-08-13 04:52:32] heygem-tts 未运行 -> 维护时段跳过拉起（尊重22:00资源清理），22:00后自动唤醒
[2026-08-13 04:53:32] heygem-gen-video 未运行 -> 维护时段跳过拉起（尊重22:00资源清理），22:00后自动唤醒
[2026-08-13 04:53:32] heygem-tts 未运行 -> 维护时段跳过拉起（尊重22:00资源清理），22:00后自动唤醒
[2026-08-13 04:54:32] heygem-gen-video 未运行 -> 维护时段跳过拉起（尊重22:00资源清理），22:00后自动唤醒
[2026-08-13 04:54:33] heygem-tts 未运行 -> 维护时段跳过拉起（尊重22:00资源清理），22:00后自动唤醒
[2026-08-13 04:55:33] heygem-gen-video 未运行 -> 维护时段跳过拉起（尊重22:00资源清理），22:00后自动唤醒
[2026-08-13 04:55:33] heygem-tts 未运行 -> 维护时段跳过拉起（尊重22:00资源清理），22:00后自动唤醒
[2026-08-13 04:56:33] heygem-gen-video 未运行 -> 维护时段跳过拉起（尊重22:00资源清理），22:00后自动唤醒
[2026-08-13 04:56:33] heygem-tts 未运行 -> 维护时段跳过拉起（尊重22:00资源清理），22:00后自动唤醒
[2026-08-13 04:57:33] heygem-gen-video 未运行 -> 维护时段跳过拉起（尊重22:00资源清理），22:00后自动唤醒
[2026-08-13 04:57:33] heygem-tts 未运行 -> 维护时段跳过拉起（尊重22:00资源清理），22:00后自动唤醒
[2026-08-13 04:58:33] heygem-gen-video 未运行 -> 维护时段跳过拉起（尊重22:00资源清理），22:00后自动唤醒
[2026-08-13 04:58:33] heygem-tts 未运行 -> 维护时段跳过拉起（尊重22:00资源清理），22:00后自动唤醒
[2026-08-13 04:59:33] heygem-gen-video 未运行 -> 维护时段跳过拉起（尊重22:00资源清理），22:00后自动唤醒
[2026-08-13 04:59:33] heygem-tts 未运行 -> 维护时段跳过拉起（尊重22:00资源清理），22:00后自动唤醒
[2026-08-13 05:00:33] heygem-gen-video 未运行 -> 维护时段跳过拉起（尊重22:00资源清理），22:00后自动唤醒
[2026-08-13 05:00:33] heygem-tts 未运行 -> 维护时段跳过拉起（尊重22:00资源清理），22:00后自动唤醒
[2026-08-13 05:01:33] heygem-gen-video 未运行 -> 维护时段跳过拉起（尊重22:00资源清理），22:00后自动唤醒
[2026-08-13 05:01:33] heygem-tts 未运行 -> 维护时段跳过拉起（尊重22:00资源清理），22:00后自动唤醒
[2026-08-13 05:02:33] heygem-gen-video 未运行 -> 维护时段跳过拉起（尊重22:00资源清理），22:00后自动唤醒
[2026-08-13 05:02:33] heygem-tts 未运行 -> 维护时段跳过拉起（尊重22:00资源清理），22:00后自动唤醒
[2026-08-13 05:03:34] heygem-gen-video 未运行 -> 维护时段跳过拉起（尊重22:00资源清理），22:00后自动唤醒
[2026-08-13 05:03:34] heygem-tts 未运行 -> 维护时段跳过拉起（尊重22:00资源清理），22:00后自动唤醒
[2026-08-13 05:04:34] heygem-gen-video 未运行 -> 维护时段跳过拉起（尊重22:00资源清理），22:00后自动唤醒
[2026-08-13 05:04:34] heygem-tts 未运行 -> 维护时段跳过拉起（尊重22:00资源清理），22:00后自动唤醒
[2026-08-13 05:05:34] heygem-gen-video 未运行 -> 维护时段跳过拉起（尊重22:00资源清理），22:00后自动唤醒
[2026-08-13 05:05:34] heygem-tts 未运行 -> 维护时段跳过拉起（尊重22:00资源清理），22:00后自动唤醒
[2026-08-13 05:06:34] heygem-gen-video 未运行 -> 维护时段跳过拉起（尊重22:00资源清理），22:00后自动唤醒
[2026-08-13 05:06:34] heygem-tts 未运行 -> 维护时段跳过拉起（尊重22:00资源清理），22:00后自动唤醒
[2026-08-13 05:07:34] heygem-gen-video 未运行 -> 维护时段跳过拉起（尊重22:00资源清理），22:00后自动唤醒
[2026-08-13 05:07:34] heygem-tts 未运行 -> 维护时段跳过拉起（尊重22:00资源清理），22:00后自动唤醒
[2026-08-13 05:08:34] heygem-gen-video 未运行 -> 维护时段跳过拉起（尊重22:00资源清理），22:00后自动唤醒
[2026-08-13 05:08:34] heygem-tts 未运行 -> 维护时段跳过拉起（尊重22:00资源清理），22:00后自动唤醒
[2026-08-13 05:09:34] heygem-gen-video 未运行 -> 维护时段跳过拉起（尊重22:00资源清理），22:00后自动唤醒
[2026-08-13 05:09:34] heygem-tts 未运行 -> 维护时段跳过拉起（尊重22:00资源清理），22:00后自动唤醒
[2026-08-13 05:10:34] heygem-gen-video 未运行 -> 维护时段跳过拉起（尊重22:00资源清理），22:00后自动唤醒
[2026-08-13 05:10:34] heygem-tts 未运行 -> 维护时段跳过拉起（尊重22:00资源清理），22:00后自动唤醒
[2026-08-13 05:11:34] heygem-gen-video 未运行 -> 维护时段跳过拉起（尊重22:00资源清理），22:00后自动唤醒
[2026-08-13 05:11:35] heygem-tts 未运行 -> 维护时段跳过拉起（尊重22:00资源清理），22:00后自动唤醒
[2026-08-13 05:12:35] heygem-gen-video 未运行 -> 维护时段跳过拉起（尊重22:00资源清理），22:00后自动唤醒
[2026-08-13 05:12:35] heygem-tts 未运行 -> 维护时段跳过拉起（尊重22:00资源清理），22:00后自动唤醒
[2026-08-13 05:13:35] heygem-gen-video 未运行 -> 维护时段跳过拉起（尊重22:00资源清理），22:00后自动唤醒
[2026-08-13 05:13:35] heygem-tts 未运行 -> 维护时段跳过拉起（尊重22:00资源清理），22:00后自动唤醒
[2026-08-13 05:14:35] heygem-gen-video 未运行 -> 维护时段跳过拉起（尊重22:00资源清理），22:00后自动唤醒
[2026-08-13 05:14:35] heygem-tts 未运行 -> 维护时段跳过拉起（尊重22:00资源清理），22:00后自动唤醒
[2026-08-13 05:15:35] heygem-gen-video 未运行 -> 维护时段跳过拉起（尊重22:00资源清理），22:00后自动唤醒
[2026-08-13 05:15:35] heygem-tts 未运行 -> 维护时段跳过拉起（尊重22:00资源清理），22:00后自动唤醒
[2026-08-13 05:16:35] heygem-gen-video 未运行 -> 维护时段跳过拉起（尊重22:00资源清理），22:00后自动唤醒
[2026-08-13 05:16:35] heygem-tts 未运行 -> 维护时段跳过拉起（尊重22:00资源清理），22:00后自动唤醒
[2026-08-13 05:17:35] heygem-gen-video 未运行 -> 维护时段跳过拉起（尊重22:00资源清理），22:00后自动唤醒
[2026-08-13 05:17:35] heygem-tts 未运行 -> 维护时段跳过拉起（尊重22:00资源清理），22:00后自动唤醒
[2026-08-13 05:18:35] heygem-gen-video 未运行 -> 维护时段跳过拉起（尊重22:00资源清理），22:00后自动唤醒
[2026-08-13 05:18:35] heygem-tts 未运行 -> 维护时段跳过拉起（尊重22:00资源清理），22:00后自动唤醒
[2026-08-13 05:19:35] heygem-gen-video 未运行 -> 维护时段跳过拉起（尊重22:00资源清理），22:00后自动唤醒
[2026-08-13 05:19:35] heygem-tts 未运行 -> 维护时段跳过拉起（尊重22:00资源清理），22:00后自动唤醒
[2026-08-13 05:20:36] heygem-gen-video 未运行 -> 维护时段跳过拉起（尊重22:00资源清理），22:00后自动唤醒
[2026-08-13 05:20:36] heygem-tts 未运行 -> 维护时段跳过拉起（尊重22:00资源清理），22:00后自动唤醒
[2026-08-13 05:21:36] heygem-gen-video 未运行 -> 维护时段跳过拉起（尊重22:00资源清理），22:00后自动唤醒
[2026-08-13 05:21:36] heygem-tts 未运行 -> 维护时段跳过拉起（尊重22:00资源清理），22:00后自动唤醒
[2026-08-13 05:22:36] heygem-gen-video 未运行 -> 维护时段跳过拉起（尊重22:00资源清理），22:00后自动唤醒
[2026-08-13 05:22:36] heygem-tts 未运行 -> 维护时段跳过拉起（尊重22:00资源清理），22:00后自动唤醒
[2026-08-13 05:23:36] heygem-gen-video 未运行 -> 维护时段跳过拉起（尊重22:00资源清理），22:00后自动唤醒
[2026-08-13 05:23:36] heygem-tts 未运行 -> 维护时段跳过拉起（尊重22:00资源清理），22:00后自动唤醒
[2026-08-13 05:24:36] heygem-gen-video 未运行 -> 维护时段跳过拉起（尊重22:00资源清理），22:00后自动唤醒
[2026-08-13 05:24:36] heygem-tts 未运行 -> 维护时段跳过拉起（尊重22:00资源清理），22:00后自动唤醒
[2026-08-13 05:25:36] heygem-gen-video 未运行 -> 维护时段跳过拉起（尊重22:00资源清理），22:00后自动唤醒
[2026-08-13 05:25:36] heygem-tts 未运行 -> 维护时段跳过拉起（尊重22:00资源清理），22:00后自动唤醒
[2026-08-13 05:26:36] heygem-gen-video 未运行 -> 维护时段跳过拉起（尊重22:00资源清理），22:00后自动唤醒
[2026-08-13 05:26:36] heygem-tts 未运行 -> 维护时段跳过拉起（尊重22:00资源清理），22:00后自动唤醒
[2026-08-13 05:27:36] heygem-gen-video 未运行 -> 维护时段跳过拉起（尊重22:00资源清理），22:00后自动唤醒
[2026-08-13 05:27:36] heygem-tts 未运行 -> 维护时段跳过拉起（尊重22:00资源清理），22:00后自动唤醒
[2026-08-13 05:28:36] heygem-gen-video 未运行 -> 维护时段跳过拉起（尊重22:00资源清理），22:00后自动唤醒
[2026-08-13 05:28:37] heygem-tts 未运行 -> 维护时段跳过拉起（尊重22:00资源清理），22:00后自动唤醒
[2026-08-13 05:29:37] heygem-gen-video 未运行 -> 维护时段跳过拉起（尊重22:00资源清理），22:00后自动唤醒
[2026-08-13 05:29:37] heygem-tts 未运行 -> 维护时段跳过拉起（尊重22:00资源清理），22:00后自动唤醒
[2026-08-13 05:30:37] heygem-gen-video 未运行 -> 维护时段跳过拉起（尊重22:00资源清理），22:00后自动唤醒
[2026-08-13 05:30:37] heygem-tts 未运行 -> 维护时段跳过拉起（尊重22:00资源清理），22:00后自动唤醒
[2026-08-13 05:31:37] heygem-gen-video 未运行 -> 维护时段跳过拉起（尊重22:00资源清理），22:00后自动唤醒
[2026-08-13 05:31:37] heygem-tts 未运行 -> 维护时段跳过拉起（尊重22:00资源清理），22:00后自动唤醒
[2026-08-13 05:32:37] heygem-gen-video 未运行 -> 维护时段跳过拉起（尊重22:00资源清理），22:00后自动唤醒
[2026-08-13 05:32:37] heygem-tts 未运行 -> 维护时段跳过拉起（尊重22:00资源清理），22:00后自动唤醒
[2026-08-13 05:33:37] heygem-gen-video 未运行 -> 维护时段跳过拉起（尊重22:00资源清理），22:00后自动唤醒
[2026-08-13 05:33:37] heygem-tts 未运行 -> 维护时段跳过拉起（尊重22:00资源清理），22:00后自动唤醒
[2026-08-13 05:34:37] heygem-gen-video 未运行 -> 维护时段跳过拉起（尊重22:00资源清理），22:00后自动唤醒
[2026-08-13 05:34:37] heygem-tts 未运行 -> 维护时段跳过拉起（尊重22:00资源清理），22:00后自动唤醒
[2026-08-13 05:35:37] heygem-gen-video 未运行 -> 维护时段跳过拉起（尊重22:00资源清理），22:00后自动唤醒
[2026-08-13 05:35:37] heygem-tts 未运行 -> 维护时段跳过拉起（尊重22:00资源清理），22:00后自动唤醒
[2026-08-13 05:36:37] heygem-gen-video 未运行 -> 维护时段跳过拉起（尊重22:00资源清理），22:00后自动唤醒
[2026-08-13 05:36:37] heygem-tts 未运行 -> 维护时段跳过拉起（尊重22:00资源清理），22:00后自动唤醒
[2026-08-13 05:37:38] heygem-gen-video 未运行 -> 维护时段跳过拉起（尊重22:00资源清理），22:00后自动唤醒
[2026-08-13 05:37:38] heygem-tts 未运行 -> 维护时段跳过拉起（尊重22:00资源清理），22:00后自动唤醒
[2026-08-13 05:38:38] heygem-gen-video 未运行 -> 维护时段跳过拉起（尊重22:00资源清理），22:00后自动唤醒
[2026-08-13 05:38:38] heygem-tts 未运行 -> 维护时段跳过拉起（尊重22:00资源清理），22:00后自动唤醒
[2026-08-13 05:39:38] heygem-gen-video 未运行 -> 维护时段跳过拉起（尊重22:00资源清理），22:00后自动唤醒
[2026-08-13 05:39:38] heygem-tts 未运行 -> 维护时段跳过拉起（尊重22:00资源清理），22:00后自动唤醒
[2026-08-13 05:40:38] heygem-gen-video 未运行 -> 维护时段跳过拉起（尊重22:00资源清理），22:00后自动唤醒
[2026-08-13 05:40:38] heygem-tts 未运行 -> 维护时段跳过拉起（尊重22:00资源清理），22:00后自动唤醒
[2026-08-13 05:41:38] heygem-gen-video 未运行 -> 维护时段跳过拉起（尊重22:00资源清理），22:00后自动唤醒
[2026-08-13 05:41:38] heygem-tts 未运行 -> 维护时段跳过拉起（尊重22:00资源清理），22:00后自动唤醒
[2026-08-13 05:42:38] heygem-gen-video 未运行 -> 维护时段跳过拉起（尊重22:00资源清理），22:00后自动唤醒
[2026-08-13 05:42:38] heygem-tts 未运行 -> 维护时段跳过拉起（尊重22:00资源清理），22:00后自动唤醒
[2026-08-13 05:43:38] heygem-gen-video 未运行 -> 维护时段跳过拉起（尊重22:00资源清理），22:00后自动唤醒
[2026-08-13 05:43:38] heygem-tts 未运行 -> 维护时段跳过拉起（尊重22:00资源清理），22:00后自动唤醒
[2026-08-13 05:44:38] heygem-gen-video 未运行 -> 维护时段跳过拉起（尊重22:00资源清理），22:00后自动唤醒
[2026-08-13 05:44:38] heygem-tts 未运行 -> 维护时段跳过拉起（尊重22:00资源清理），22:00后自动唤醒
[2026-08-13 05:45:38] heygem-gen-video 未运行 -> 维护时段跳过拉起（尊重22:00资源清理），22:00后自动唤醒
[2026-08-13 05:45:38] heygem-tts 未运行 -> 维护时段跳过拉起（尊重22:00资源清理），22:00后自动唤醒
[2026-08-13 05:46:39] heygem-gen-video 未运行 -> 维护时段跳过拉起（尊重22:00资源清理），22:00后自动唤醒
[2026-08-13 05:46:39] heygem-tts 未运行 -> 维护时段跳过拉起（尊重22:00资源清理），22:00后自动唤醒
[2026-08-13 05:47:39] heygem-gen-video 未运行 -> 维护时段跳过拉起（尊重22:00资源清理），22:00后自动唤醒
[2026-08-13 05:47:39] heygem-tts 未运行 -> 维护时段跳过拉起（尊重22:00资源清理），22:00后自动唤醒
[2026-08-13 05:48:39] heygem-gen-video 未运行 -> 维护时段跳过拉起（尊重22:00资源清理），22:00后自动唤醒
[2026-08-13 05:48:39] heygem-tts 未运行 -> 维护时段跳过拉起（尊重22:00资源清理），22:00后自动唤醒
[2026-08-13 05:49:39] heygem-gen-video 未运行 -> 维护时段跳过拉起（尊重22:00资源清理），22:00后自动唤醒
[2026-08-13 05:49:39] heygem-tts 未运行 -> 维护时段跳过拉起（尊重22:00资源清理），22:00后自动唤醒
[2026-08-13 05:50:39] heygem-gen-video 未运行 -> 维护时段跳过拉起（尊重22:00资源清理），22:00后自动唤醒
[2026-08-13 05:50:39] heygem-tts 未运行 -> 维护时段跳过拉起（尊重22:00资源清理），22:00后自动唤醒
[2026-08-13 05:51:39] heygem-gen-video 未运行 -> 维护时段跳过拉起（尊重22:00资源清理），22:00后自动唤醒
[2026-08-13 05:51:39] heygem-tts 未运行 -> 维护时段跳过拉起（尊重22:00资源清理），22:00后自动唤醒
[2026-08-13 05:52:39] heygem-gen-video 未运行 -> 维护时段跳过拉起（尊重22:00资源清理），22:00后自动唤醒
[2026-08-13 05:52:39] heygem-tts 未运行 -> 维护时段跳过拉起（尊重22:00资源清理），22:00后自动唤醒
[2026-08-13 05:53:39] heygem-gen-video 未运行 -> 维护时段跳过拉起（尊重22:00资源清理），22:00后自动唤醒
[2026-08-13 05:53:39] heygem-tts 未运行 -> 维护时段跳过拉起（尊重22:00资源清理），22:00后自动唤醒
[2026-08-13 05:54:39] heygem-gen-video 未运行 -> 维护时段跳过拉起（尊重22:00资源清理），22:00后自动唤醒
[2026-08-13 05:54:40] heygem-tts 未运行 -> 维护时段跳过拉起（尊重22:00资源清理），22:00后自动唤醒
[2026-08-13 05:55:40] heygem-gen-video 未运行 -> 维护时段跳过拉起（尊重22:00资源清理），22:00后自动唤醒
[2026-08-13 05:55:40] heygem-tts 未运行 -> 维护时段跳过拉起（尊重22:00资源清理），22:00后自动唤醒
[2026-08-13 05:56:40] heygem-gen-video 未运行 -> 维护时段跳过拉起（尊重22:00资源清理），22:00后自动唤醒
[2026-08-13 05:56:40] heygem-tts 未运行 -> 维护时段跳过拉起（尊重22:00资源清理），22:00后自动唤醒
[2026-08-13 05:57:40] heygem-gen-video 未运行 -> 维护时段跳过拉起（尊重22:00资源清理），22:00后自动唤醒
[2026-08-13 05:57:40] heygem-tts 未运行 -> 维护时段跳过拉起（尊重22:00资源清理），22:00后自动唤醒
[2026-08-13 05:58:40] heygem-gen-video 未运行 -> 维护时段跳过拉起（尊重22:00资源清理），22:00后自动唤醒
[2026-08-13 05:58:40] heygem-tts 未运行 -> 维护时段跳过拉起（尊重22:00资源清理），22:00后自动唤醒
[2026-08-13 05:59:40] heygem-gen-video 未运行 -> 维护时段跳过拉起（尊重22:00资源清理），22:00后自动唤醒
[2026-08-13 05:59:40] heygem-tts 未运行 -> 维护时段跳过拉起（尊重22:00资源清理），22:00后自动唤醒
[2026-08-13 06:00:40] heygem-gen-video 未运行 -> 维护时段跳过拉起（尊重22:00资源清理），22:00后自动唤醒
[2026-08-13 06:00:40] heygem-tts 未运行 -> 维护时段跳过拉起（尊重22:00资源清理），22:00后自动唤醒
[2026-08-13 06:01:40] heygem-gen-video 未运行 -> 维护时段跳过拉起（尊重22:00资源清理），22:00后自动唤醒
[2026-08-13 06:01:40] heygem-tts 未运行 -> 维护时段跳过拉起（尊重22:00资源清理），22:00后自动唤醒
[2026-08-13 06:02:40] heygem-gen-video 未运行 -> 维护时段跳过拉起（尊重22:00资源清理），22:00后自动唤醒
[2026-08-13 06:02:40] heygem-tts 未运行 -> 维护时段跳过拉起（尊重22:00资源清理），22:00后自动唤醒
[2026-08-13 06:03:40] heygem-gen-video 未运行 -> 维护时段跳过拉起（尊重22:00资源清理），22:00后自动唤醒
[2026-08-13 06:03:41] heygem-tts 未运行 -> 维护时段跳过拉起（尊重22:00资源清理），22:00后自动唤醒
[2026-08-13 06:04:41] heygem-gen-video 未运行 -> 维护时段跳过拉起（尊重22:00资源清理），22:00后自动唤醒
[2026-08-13 06:04:41] heygem-tts 未运行 -> 维护时段跳过拉起（尊重22:00资源清理），22:00后自动唤醒
[2026-08-13 06:05:41] heygem-gen-video 未运行 -> 维护时段跳过拉起（尊重22:00资源清理），22:00后自动唤醒
[2026-08-13 06:05:41] heygem-tts 未运行 -> 维护时段跳过拉起（尊重22:00资源清理），22:00后自动唤醒
[2026-08-13 06:06:41] heygem-gen-video 未运行 -> 维护时段跳过拉起（尊重22:00资源清理），22:00后自动唤醒
[2026-08-13 06:06:41] heygem-tts 未运行 -> 维护时段跳过拉起（尊重22:00资源清理），22:00后自动唤醒
[2026-08-13 06:07:41] heygem-gen-video 未运行 -> 维护时段跳过拉起（尊重22:00资源清理），22:00后自动唤醒
[2026-08-13 06:07:41] heygem-tts 未运行 -> 维护时段跳过拉起（尊重22:00资源清理），22:00后自动唤醒
[2026-08-13 06:08:41] heygem-gen-video 未运行 -> 维护时段跳过拉起（尊重22:00资源清理），22:00后自动唤醒
[2026-08-13 06:08:41] heygem-tts 未运行 -> 维护时段跳过拉起（尊重22:00资源清理），22:00后自动唤醒
[2026-08-13 06:09:41] heygem-gen-video 未运行 -> 维护时段跳过拉起（尊重22:00资源清理），22:00后自动唤醒
[2026-08-13 06:09:41] heygem-tts 未运行 -> 维护时段跳过拉起（尊重22:00资源清理），22:00后自动唤醒
[2026-08-13 06:10:41] heygem-gen-video 未运行 -> 维护时段跳过拉起（尊重22:00资源清理），22:00后自动唤醒
[2026-08-13 06:10:41] heygem-tts 未运行 -> 维护时段跳过拉起（尊重22:00资源清理），22:00后自动唤醒
[2026-08-13 06:11:41] heygem-gen-video 未运行 -> 维护时段跳过拉起（尊重22:00资源清理），22:00后自动唤醒
[2026-08-13 06:11:41] heygem-tts 未运行 -> 维护时段跳过拉起（尊重22:00资源清理），22:00后自动唤醒
[2026-08-13 06:12:42] heygem-gen-video 未运行 -> 维护时段跳过拉起（尊重22:00资源清理），22:00后自动唤醒
[2026-08-13 06:12:42] heygem-tts 未运行 -> 维护时段跳过拉起（尊重22:00资源清理），22:00后自动唤醒
[2026-08-13 06:13:42] heygem-gen-video 未运行 -> 维护时段跳过拉起（尊重22:00资源清理），22:00后自动唤醒
[2026-08-13 06:13:42] heygem-tts 未运行 -> 维护时段跳过拉起（尊重22:00资源清理），22:00后自动唤醒
[2026-08-13 06:14:42] heygem-gen-video 未运行 -> 维护时段跳过拉起（尊重22:00资源清理），22:00后自动唤醒
[2026-08-13 06:14:42] heygem-tts 未运行 -> 维护时段跳过拉起（尊重22:00资源清理），22:00后自动唤醒
[2026-08-13 06:15:42] heygem-gen-video 未运行 -> 维护时段跳过拉起（尊重22:00资源清理），22:00后自动唤醒
[2026-08-13 06:15:42] heygem-tts 未运行 -> 维护时段跳过拉起（尊重22:00资源清理），22:00后自动唤醒
[2026-08-13 06:16:42] heygem-gen-video 未运行 -> 维护时段跳过拉起（尊重22:00资源清理），22:00后自动唤醒
[2026-08-13 06:16:42] heygem-tts 未运行 -> 维护时段跳过拉起（尊重22:00资源清理），22:00后自动唤醒
[2026-08-13 06:17:42] heygem-gen-video 未运行 -> 维护时段跳过拉起（尊重22:00资源清理），22:00后自动唤醒
[2026-08-13 06:17:42] heygem-tts 未运行 -> 维护时段跳过拉起（尊重22:00资源清理），22:00后自动唤醒
[2026-08-13 06:18:42] heygem-gen-video 未运行 -> 维护时段跳过拉起（尊重22:00资源清理），22:00后自动唤醒
[2026-08-13 06:18:42] heygem-tts 未运行 -> 维护时段跳过拉起（尊重22:00资源清理），22:00后自动唤醒
[2026-08-13 06:19:42] heygem-gen-video 未运行 -> 维护时段跳过拉起（尊重22:00资源清理），22:00后自动唤醒
[2026-08-13 06:19:42] heygem-tts 未运行 -> 维护时段跳过拉起（尊重22:00资源清理），22:00后自动唤醒
[2026-08-13 06:20:43] heygem-gen-video 未运行 -> 维护时段跳过拉起（尊重22:00资源清理），22:00后自动唤醒
[2026-08-13 06:20:43] heygem-tts 未运行 -> 维护时段跳过拉起（尊重22:00资源清理），22:00后自动唤醒
[2026-08-13 06:21:43] heygem-gen-video 未运行 -> 维护时段跳过拉起（尊重22:00资源清理），22:00后自动唤醒
[2026-08-13 06:21:43] heygem-tts 未运行 -> 维护时段跳过拉起（尊重22:00资源清理），22:00后自动唤醒
[2026-08-13 06:22:43] heygem-gen-video 未运行 -> 维护时段跳过拉起（尊重22:00资源清理），22:00后自动唤醒
[2026-08-13 06:22:43] heygem-tts 未运行 -> 维护时段跳过拉起（尊重22:00资源清理），22:00后自动唤醒
[2026-08-13 06:23:43] heygem-gen-video 未运行 -> 维护时段跳过拉起（尊重22:00资源清理），22:00后自动唤醒
[2026-08-13 06:23:43] heygem-tts 未运行 -> 维护时段跳过拉起（尊重22:00资源清理），22:00后自动唤醒
[2026-08-13 06:24:43] heygem-gen-video 未运行 -> 维护时段跳过拉起（尊重22:00资源清理），22:00后自动唤醒
[2026-08-13 06:24:43] heygem-tts 未运行 -> 维护时段跳过拉起（尊重22:00资源清理），22:00后自动唤醒
[2026-08-13 06:25:43] heygem-gen-video 未运行 -> 维护时段跳过拉起（尊重22:00资源清理），22:00后自动唤醒
[2026-08-13 06:25:43] heygem-tts 未运行 -> 维护时段跳过拉起（尊重22:00资源清理），22:00后自动唤醒
[2026-08-13 06:26:43] heygem-gen-video 未运行 -> 维护时段跳过拉起（尊重22:00资源清理），22:00后自动唤醒
[2026-08-13 06:26:43] heygem-tts 未运行 -> 维护时段跳过拉起（尊重22:00资源清理），22:00后自动唤醒
[2026-08-13 06:27:43] heygem-gen-video 未运行 -> 维护时段跳过拉起（尊重22:00资源清理），22:00后自动唤醒
[2026-08-13 06:27:43] heygem-tts 未运行 -> 维护时段跳过拉起（尊重22:00资源清理），22:00后自动唤醒
[2026-08-13 06:28:43] heygem-gen-video 未运行 -> 维护时段跳过拉起（尊重22:00资源清理），22:00后自动唤醒
[2026-08-13 06:28:43] heygem-tts 未运行 -> 维护时段跳过拉起（尊重22:00资源清理），22:00后自动唤醒
[2026-08-13 06:29:44] heygem-gen-video 未运行 -> 维护时段跳过拉起（尊重22:00资源清理），22:00后自动唤醒
[2026-08-13 06:29:44] heygem-tts 未运行 -> 维护时段跳过拉起（尊重22:00资源清理），22:00后自动唤醒
[2026-08-13 06:30:44] heygem-gen-video 未运行 -> 维护时段跳过拉起（尊重22:00资源清理），22:00后自动唤醒
[2026-08-13 06:30:44] heygem-tts 未运行 -> 维护时段跳过拉起（尊重22:00资源清理），22:00后自动唤醒
[2026-08-13 06:31:44] heygem-gen-video 未运行 -> 维护时段跳过拉起（尊重22:00资源清理），22:00后自动唤醒
[2026-08-13 06:31:44] heygem-tts 未运行 -> 维护时段跳过拉起（尊重22:00资源清理），22:00后自动唤醒
[2026-08-13 06:32:44] heygem-gen-video 未运行 -> 维护时段跳过拉起（尊重22:00资源清理），22:00后自动唤醒
[2026-08-13 06:32:44] heygem-tts 未运行 -> 维护时段跳过拉起（尊重22:00资源清理），22:00后自动唤醒
[2026-08-13 06:33:44] heygem-gen-video 未运行 -> 维护时段跳过拉起（尊重22:00资源清理），22:00后自动唤醒
[2026-08-13 06:33:44] heygem-tts 未运行 -> 维护时段跳过拉起（尊重22:00资源清理），22:00后自动唤醒
[2026-08-13 06:34:44] heygem-gen-video 未运行 -> 维护时段跳过拉起（尊重22:00资源清理），22:00后自动唤醒
[2026-08-13 06:34:44] heygem-tts 未运行 -> 维护时段跳过拉起（尊重22:00资源清理），22:00后自动唤醒
[2026-08-13 06:35:44] heygem-gen-video 未运行 -> 维护时段跳过拉起（尊重22:00资源清理），22:00后自动唤醒
[2026-08-13 06:35:44] heygem-tts 未运行 -> 维护时段跳过拉起（尊重22:00资源清理），22:00后自动唤醒
[2026-08-13 06:36:44] heygem-gen-video 未运行 -> 维护时段跳过拉起（尊重22:00资源清理），22:00后自动唤醒
[2026-08-13 06:36:44] heygem-tts 未运行 -> 维护时段跳过拉起（尊重22:00资源清理），22:00后自动唤醒
[2026-08-13 06:37:44] heygem-gen-video 未运行 -> 维护时段跳过拉起（尊重22:00资源清理），22:00后自动唤醒
[2026-08-13 06:37:44] heygem-tts 未运行 -> 维护时段跳过拉起（尊重22:00资源清理），22:00后自动唤醒
[2026-08-13 06:38:45] heygem-gen-video 未运行 -> 维护时段跳过拉起（尊重22:00资源清理），22:00后自动唤醒
[2026-08-13 06:38:45] heygem-tts 未运行 -> 维护时段跳过拉起（尊重22:00资源清理），22:00后自动唤醒
[2026-08-13 06:39:45] heygem-gen-video 未运行 -> 维护时段跳过拉起（尊重22:00资源清理），22:00后自动唤醒
[2026-08-13 06:39:45] heygem-tts 未运行 -> 维护时段跳过拉起（尊重22:00资源清理），22:00后自动唤醒
[2026-08-13 06:40:45] heygem-gen-video 未运行 -> 维护时段跳过拉起（尊重22:00资源清理），22:00后自动唤醒
[2026-08-13 06:40:45] heygem-tts 未运行 -> 维护时段跳过拉起（尊重22:00资源清理），22:00后自动唤醒
[2026-08-13 06:41:45] heygem-gen-video 未运行 -> 维护时段跳过拉起（尊重22:00资源清理），22:00后自动唤醒
[2026-08-13 06:41:45] heygem-tts 未运行 -> 维护时段跳过拉起（尊重22:00资源清理），22:00后自动唤醒
[2026-08-13 06:42:45] heygem-gen-video 未运行 -> 维护时段跳过拉起（尊重22:00资源清理），22:00后自动唤醒
[2026-08-13 06:42:45] heygem-tts 未运行 -> 维护时段跳过拉起（尊重22:00资源清理），22:00后自动唤醒
[2026-08-13 06:43:45] heygem-gen-video 未运行 -> 维护时段跳过拉起（尊重22:00资源清理），22:00后自动唤醒
[2026-08-13 06:43:45] heygem-tts 未运行 -> 维护时段跳过拉起（尊重22:00资源清理），22:00后自动唤醒
[2026-08-13 06:44:45] heygem-gen-video 未运行 -> 维护时段跳过拉起（尊重22:00资源清理），22:00后自动唤醒
[2026-08-13 06:44:45] heygem-tts 未运行 -> 维护时段跳过拉起（尊重22:00资源清理），22:00后自动唤醒
[2026-08-13 06:45:45] heygem-gen-video 未运行 -> 维护时段跳过拉起（尊重22:00资源清理），22:00后自动唤醒
[2026-08-13 06:45:45] heygem-tts 未运行 -> 维护时段跳过拉起（尊重22:00资源清理），22:00后自动唤醒
[2026-08-13 06:46:45] heygem-gen-video 未运行 -> 维护时段跳过拉起（尊重22:00资源清理），22:00后自动唤醒
[2026-08-13 06:46:45] heygem-tts 未运行 -> 维护时段跳过拉起（尊重22:00资源清理），22:00后自动唤醒
[2026-08-13 06:47:45] heygem-gen-video 未运行 -> 维护时段跳过拉起（尊重22:00资源清理），22:00后自动唤醒
[2026-08-13 06:47:46] heygem-tts 未运行 -> 维护时段跳过拉起（尊重22:00资源清理），22:00后自动唤醒
[2026-08-13 06:48:46] heygem-gen-video 未运行 -> 维护时段跳过拉起（尊重22:00资源清理），22:00后自动唤醒
[2026-08-13 06:48:46] heygem-tts 未运行 -> 维护时段跳过拉起（尊重22:00资源清理），22:00后自动唤醒
[2026-08-13 06:49:46] heygem-gen-video 未运行 -> 维护时段跳过拉起（尊重22:00资源清理），22:00后自动唤醒
[2026-08-13 06:49:46] heygem-tts 未运行 -> 维护时段跳过拉起（尊重22:00资源清理），22:00后自动唤醒
[2026-08-13 06:50:46] heygem-gen-video 未运行 -> 维护时段跳过拉起（尊重22:00资源清理），22:00后自动唤醒
[2026-08-13 06:50:46] heygem-tts 未运行 -> 维护时段跳过拉起（尊重22:00资源清理），22:00后自动唤醒
[2026-08-13 06:51:46] heygem-gen-video 未运行 -> 维护时段跳过拉起（尊重22:00资源清理），22:00后自动唤醒
[2026-08-13 06:51:46] heygem-tts 未运行 -> 维护时段跳过拉起（尊重22:00资源清理），22:00后自动唤醒
[2026-08-13 06:52:46] heygem-gen-video 未运行 -> 维护时段跳过拉起（尊重22:00资源清理），22:00后自动唤醒
[2026-08-13 06:52:46] heygem-tts 未运行 -> 维护时段跳过拉起（尊重22:00资源清理），22:00后自动唤醒
[2026-08-13 06:53:46] heygem-gen-video 未运行 -> 维护时段跳过拉起（尊重22:00资源清理），22:00后自动唤醒
[2026-08-13 06:53:46] heygem-tts 未运行 -> 维护时段跳过拉起（尊重22:00资源清理），22:00后自动唤醒
[2026-08-13 06:54:46] heygem-gen-video 未运行 -> 维护时段跳过拉起（尊重22:00资源清理），22:00后自动唤醒
[2026-08-13 06:54:46] heygem-tts 未运行 -> 维护时段跳过拉起（尊重22:00资源清理），22:00后自动唤醒
[2026-08-13 06:55:46] heygem-gen-video 未运行 -> 维护时段跳过拉起（尊重22:00资源清理），22:00后自动唤醒
[2026-08-13 06:55:47] heygem-tts 未运行 -> 维护时段跳过拉起（尊重22:00资源清理），22:00后自动唤醒
[2026-08-13 06:56:47] heygem-gen-video 未运行 -> 维护时段跳过拉起（尊重22:00资源清理），22:00后自动唤醒
[2026-08-13 06:56:47] heygem-tts 未运行 -> 维护时段跳过拉起（尊重22:00资源清理），22:00后自动唤醒
[2026-08-13 06:57:47] heygem-gen-video 未运行 -> 维护时段跳过拉起（尊重22:00资源清理），22:00后自动唤醒
[2026-08-13 06:57:47] heygem-tts 未运行 -> 维护时段跳过拉起（尊重22:00资源清理），22:00后自动唤醒
[2026-08-13 06:58:47] heygem-gen-video 未运行 -> 维护时段跳过拉起（尊重22:00资源清理），22:00后自动唤醒
[2026-08-13 06:58:47] heygem-tts 未运行 -> 维护时段跳过拉起（尊重22:00资源清理），22:00后自动唤醒
[2026-08-13 06:59:47] heygem-gen-video 未运行 -> 维护时段跳过拉起（尊重22:00资源清理），22:00后自动唤醒
[2026-08-13 06:59:47] heygem-tts 未运行 -> 维护时段跳过拉起（尊重22:00资源清理），22:00后自动唤醒
[2026-08-13 07:00:47] heygem-gen-video 未运行 -> 工作时段自动拉起: 失败
[2026-08-13 07:00:47] heygem-tts 未运行 -> 工作时段自动拉起: 失败
[2026-08-13 07:01:47] heygem-gen-video 未运行 -> 工作时段自动拉起: 失败
[2026-08-13 07:01:48] heygem-tts 未运行 -> 工作时段自动拉起: 失败
[2026-08-13 07:02:48] heygem-gen-video 未运行 -> 工作时段自动拉起: 失败
[2026-08-13 07:02:48] heygem-tts 未运行 -> 工作时段自动拉起: 失败
[2026-08-13 07:03:48] heygem-gen-video 未运行 -> 工作时段自动拉起: 失败
[2026-08-13 07:03:48] heygem-tts 未运行 -> 工作时段自动拉起: 失败
[2026-08-13 07:04:48] heygem-gen-video 未运行 -> 工作时段自动拉起: 失败
[2026-08-13 07:04:48] heygem-tts 未运行 -> 工作时段自动拉起: 失败
[2026-08-13 07:05:48] heygem-gen-video 未运行 -> 工作时段自动拉起: 失败
[2026-08-13 07:05:48] heygem-tts 未运行 -> 工作时段自动拉起: 失败
[2026-08-13 07:06:49] heygem-gen-video 未运行 -> 工作时段自动拉起: 失败
[2026-08-13 07:06:49] heygem-tts 未运行 -> 工作时段自动拉起: 失败
[2026-08-13 07:07:49] heygem-gen-video 未运行 -> 工作时段自动拉起: 失败
[2026-08-13 07:07:49] heygem-tts 未运行 -> 工作时段自动拉起: 失败
[2026-08-13 07:08:49] heygem-gen-video 未运行 -> 工作时段自动拉起: 失败
[2026-08-13 07:08:49] heygem-tts 未运行 -> 工作时段自动拉起: 失败
[2026-08-13 07:09:49] heygem-gen-video 未运行 -> 工作时段自动拉起: 失败
[2026-08-13 07:09:49] heygem-tts 未运行 -> 工作时段自动拉起: 失败
[2026-08-13 07:10:50] heygem-gen-video 未运行 -> 工作时段自动拉起: 失败
[2026-08-13 07:10:50] heygem-tts 未运行 -> 工作时段自动拉起: 失败
[2026-08-13 07:11:50] heygem-gen-video 未运行 -> 工作时段自动拉起: 失败
[2026-08-13 07:11:50] heygem-tts 未运行 -> 工作时段自动拉起: 失败
[2026-08-13 07:12:50] heygem-gen-video 未运行 -> 工作时段自动拉起: 失败
[2026-08-13 07:12:50] heygem-tts 未运行 -> 工作时段自动拉起: 失败
[2026-08-13 07:13:50] heygem-gen-video 未运行 -> 工作时段自动拉起: 失败
[2026-08-13 07:13:50] heygem-tts 未运行 -> 工作时段自动拉起: 失败
[2026-08-13 07:14:51] heygem-gen-video 未运行 -> 工作时段自动拉起: 失败
[2026-08-13 07:14:51] heygem-tts 未运行 -> 工作时段自动拉起: 失败
[2026-08-13 07:15:51] heygem-gen-video 未运行 -> 工作时段自动拉起: 失败
[2026-08-13 07:15:51] heygem-tts 未运行 -> 工作时段自动拉起: 失败
[2026-08-13 07:16:51] heygem-gen-video 未运行 -> 工作时段自动拉起: 失败
[2026-08-13 07:16:51] heygem-tts 未运行 -> 工作时段自动拉起: 失败
[2026-08-13 07:17:51] heygem-gen-video 未运行 -> 工作时段自动拉起: 失败
[2026-08-13 07:17:51] heygem-tts 未运行 -> 工作时段自动拉起: 失败
[2026-08-13 07:18:52] heygem-gen-video 未运行 -> 工作时段自动拉起: 失败
[2026-08-13 07:18:52] heygem-tts 未运行 -> 工作时段自动拉起: 失败
[2026-08-13 07:19:52] heygem-gen-video 未运行 -> 工作时段自动拉起: 失败
[2026-08-13 07:19:52] heygem-tts 未运行 -> 工作时段自动拉起: 失败
[2026-08-13 07:20:52] heygem-gen-video 未运行 -> 工作时段自动拉起: 失败
[2026-08-13 07:20:52] heygem-tts 未运行 -> 工作时段自动拉起: 失败
[2026-08-13 07:21:52] heygem-gen-video 未运行 -> 工作时段自动拉起: 失败
[2026-08-13 07:21:52] heygem-tts 未运行 -> 工作时段自动拉起: 失败
[2026-08-13 07:22:52] heygem-gen-video 未运行 -> 工作时段自动拉起: 失败
[2026-08-13 07:22:53] heygem-tts 未运行 -> 工作时段自动拉起: 失败
[2026-08-13 07:23:53] heygem-gen-video 未运行 -> 工作时段自动拉起: 失败
[2026-08-13 07:23:53] heygem-tts 未运行 -> 工作时段自动拉起: 失败
[2026-08-13 07:24:53] heygem-gen-video 未运行 -> 工作时段自动拉起: 失败
[2026-08-13 07:24:53] heygem-tts 未运行 -> 工作时段自动拉起: 失败
[2026-08-13 07:25:53] heygem-gen-video 未运行 -> 工作时段自动拉起: 失败
[2026-08-13 07:25:53] heygem-tts 未运行 -> 工作时段自动拉起: 失败
[2026-08-13 07:26:53] heygem-gen-video 未运行 -> 工作时段自动拉起: 失败
[2026-08-13 07:26:54] heygem-tts 未运行 -> 工作时段自动拉起: 失败
[2026-08-13 07:27:54] heygem-gen-video 未运行 -> 工作时段自动拉起: 失败
[2026-08-13 07:27:54] heygem-tts 未运行 -> 工作时段自动拉起: 失败
[2026-08-13 07:28:54] heygem-gen-video 未运行 -> 工作时段自动拉起: 失败
[2026-08-13 07:28:54] heygem-tts 未运行 -> 工作时段自动拉起: 失败
[2026-08-13 07:29:54] heygem-gen-video 未运行 -> 工作时段自动拉起: 失败
[2026-08-13 07:29:54] heygem-tts 未运行 -> 工作时段自动拉起: 失败
[2026-08-13 07:30:54] heygem-gen-video 未运行 -> 工作时段自动拉起: 失败
[2026-08-13 07:30:54] heygem-tts 未运行 -> 工作时段自动拉起: 失败
[2026-08-13 07:31:55] heygem-gen-video 未运行 -> 工作时段自动拉起: 失败
[2026-08-13 07:31:55] heygem-tts 未运行 -> 工作时段自动拉起: 失败
[2026-08-13 07:32:55] heygem-gen-video 未运行 -> 工作时段自动拉起: 失败
[2026-08-13 07:32:55] heygem-tts 未运行 -> 工作时段自动拉起: 失败
[2026-08-13 07:33:55] heygem-gen-video 未运行 -> 工作时段自动拉起: 失败
[2026-08-13 07:33:55] heygem-tts 未运行 -> 工作时段自动拉起: 失败
[2026-08-13 07:34:55] heygem-gen-video 未运行 -> 工作时段自动拉起: 失败
[2026-08-13 07:34:55] heygem-tts 未运行 -> 工作时段自动拉起: 失败
[2026-08-13 07:35:56] heygem-gen-video 未运行 -> 工作时段自动拉起: 失败
[2026-08-13 07:35:56] heygem-tts 未运行 -> 工作时段自动拉起: 失败
[2026-08-13 07:36:56] heygem-gen-video 未运行 -> 工作时段自动拉起: 失败
[2026-08-13 07:36:56] heygem-tts 未运行 -> 工作时段自动拉起: 失败
[2026-08-13 07:37:56] heygem-gen-video 未运行 -> 工作时段自动拉起: 失败
[2026-08-13 07:37:56] heygem-tts 未运行 -> 工作时段自动拉起: 失败
[2026-08-13 07:38:56] heygem-gen-video 未运行 -> 工作时段自动拉起: 失败
[2026-08-13 07:38:56] heygem-tts 未运行 -> 工作时段自动拉起: 失败
[2026-08-13 07:39:56] heygem-gen-video 未运行 -> 工作时段自动拉起: 失败
[2026-08-13 07:39:57] heygem-tts 未运行 -> 工作时段自动拉起: 失败
[2026-08-13 07:40:57] heygem-gen-video 未运行 -> 工作时段自动拉起: 失败
[2026-08-13 07:40:57] heygem-tts 未运行 -> 工作时段自动拉起: 失败
[2026-08-13 07:41:57] heygem-gen-video 未运行 -> 工作时段自动拉起: 失败
[2026-08-13 07:41:57] heygem-tts 未运行 -> 工作时段自动拉起: 失败
[2026-08-13 07:42:57] heygem-gen-video 未运行 -> 工作时段自动拉起: 失败
[2026-08-13 07:42:57] heygem-tts 未运行 -> 工作时段自动拉起: 失败
[2026-08-13 07:43:57] heygem-gen-video 未运行 -> 工作时段自动拉起: 失败
[2026-08-13 07:43:58] heygem-tts 未运行 -> 工作时段自动拉起: 失败
[2026-08-13 07:44:58] heygem-gen-video 未运行 -> 工作时段自动拉起: 失败
[2026-08-13 07:44:58] heygem-tts 未运行 -> 工作时段自动拉起: 失败
[2026-08-13 07:45:58] heygem-gen-video 未运行 -> 工作时段自动拉起: 失败
[2026-08-13 07:45:58] heygem-tts 未运行 -> 工作时段自动拉起: 失败
[2026-08-13 07:46:58] heygem-gen-video 未运行 -> 工作时段自动拉起: 失败
[2026-08-13 07:46:58] heygem-tts 未运行 -> 工作时段自动拉起: 失败
[2026-08-13 07:47:58] heygem-gen-video 未运行 -> 工作时段自动拉起: 失败
[2026-08-13 07:47:58] heygem-tts 未运行 -> 工作时段自动拉起: 失败
[2026-08-13 07:48:59] heygem-gen-video 未运行 -> 工作时段自动拉起: 失败
[2026-08-13 07:48:59] heygem-tts 未运行 -> 工作时段自动拉起: 失败
[2026-08-13 07:49:59] heygem-gen-video 未运行 -> 工作时段自动拉起: 失败
[2026-08-13 07:49:59] heygem-tts 未运行 -> 工作时段自动拉起: 失败
[2026-08-13 07:50:59] heygem-gen-video 未运行 -> 工作时段自动拉起: 失败
[2026-08-13 07:50:59] heygem-tts 未运行 -> 工作时段自动拉起: 失败
[2026-08-13 07:51:59] heygem-gen-video 未运行 -> 工作时段自动拉起: 失败
[2026-08-13 07:51:59] heygem-tts 未运行 -> 工作时段自动拉起: 失败
[2026-08-13 07:53:00] heygem-gen-video 未运行 -> 工作时段自动拉起: 失败
[2026-08-13 07:53:00] heygem-tts 未运行 -> 工作时段自动拉起: 失败
[2026-08-13 07:54:00] heygem-gen-video 未运行 -> 工作时段自动拉起: 失败
[2026-08-13 07:54:00] heygem-tts 未运行 -> 工作时段自动拉起: 失败
[2026-08-13 07:55:00] heygem-gen-video 未运行 -> 工作时段自动拉起: 失败
[2026-08-13 07:55:00] heygem-tts 未运行 -> 工作时段自动拉起: 失败
[2026-08-13 07:56:00] heygem-gen-video 未运行 -> 工作时段自动拉起: 失败
[2026-08-13 07:56:00] heygem-tts 未运行 -> 工作时段自动拉起: 失败
[2026-08-13 07:57:01] heygem-gen-video 未运行 -> 工作时段自动拉起: 失败
[2026-08-13 07:57:01] heygem-tts 未运行 -> 工作时段自动拉起: 失败
[2026-08-13 07:58:01] heygem-gen-video 未运行 -> 工作时段自动拉起: 失败
[2026-08-13 07:58:01] heygem-tts 未运行 -> 工作时段自动拉起: 失败
[2026-08-13 07:59:01] heygem-gen-video 未运行 -> 工作时段自动拉起: 失败
[2026-08-13 07:59:01] heygem-tts 未运行 -> 工作时段自动拉起: 失败
[2026-08-13 08:00:01] heygem-gen-video 未运行 -> 工作时段自动拉起: 失败
[2026-08-13 08:00:01] heygem-tts 未运行 -> 工作时段自动拉起: 失败
[2026-08-13 08:01:02] heygem-gen-video 未运行 -> 工作时段自动拉起: 失败
[2026-08-13 08:01:02] heygem-tts 未运行 -> 工作时段自动拉起: 失败
[2026-08-13 08:02:02] heygem-gen-video 未运行 -> 工作时段自动拉起: 失败
[2026-08-13 08:02:02] heygem-tts 未运行 -> 工作时段自动拉起: 失败
[2026-08-13 08:03:02] heygem-gen-video 未运行 -> 工作时段自动拉起: 失败
[2026-08-13 08:03:02] heygem-tts 未运行 -> 工作时段自动拉起: 失败
[2026-08-13 08:04:02] heygem-gen-video 未运行 -> 工作时段自动拉起: 失败
[2026-08-13 08:04:02] heygem-tts 未运行 -> 工作时段自动拉起: 失败
[2026-08-13 08:05:03] heygem-gen-video 未运行 -> 工作时段自动拉起: 失败
[2026-08-13 08:05:03] heygem-tts 未运行 -> 工作时段自动拉起: 失败
[2026-08-13 08:06:03] heygem-gen-video 未运行 -> 工作时段自动拉起: 失败
[2026-08-13 08:06:03] heygem-tts 未运行 -> 工作时段自动拉起: 失败
[2026-08-13 08:07:03] heygem-gen-video 未运行 -> 工作时段自动拉起: 失败
[2026-08-13 08:07:03] heygem-tts 未运行 -> 工作时段自动拉起: 失败
[2026-08-13 08:08:03] heygem-gen-video 未运行 -> 工作时段自动拉起: 失败
[2026-08-13 08:08:03] heygem-tts 未运行 -> 工作时段自动拉起: 失败
[2026-08-13 08:09:03] heygem-gen-video 未运行 -> 工作时段自动拉起: 失败
[2026-08-13 08:09:04] heygem-tts 未运行 -> 工作时段自动拉起: 失败
[2026-08-13 08:10:04] heygem-gen-video 未运行 -> 工作时段自动拉起: 失败
[2026-08-13 08:10:04] heygem-tts 未运行 -> 工作时段自动拉起: 失败
[2026-08-13 08:11:04] heygem-gen-video 未运行 -> 工作时段自动拉起: 失败
[2026-08-13 08:11:04] heygem-tts 未运行 -> 工作时段自动拉起: 失败
[2026-08-13 08:12:04] heygem-gen-video 未运行 -> 工作时段自动拉起: 失败
[2026-08-13 08:12:04] heygem-tts 未运行 -> 工作时段自动拉起: 失败
[2026-08-13 08:13:04] heygem-gen-video 未运行 -> 工作时段自动拉起: 失败
[2026-08-13 08:13:04] heygem-tts 未运行 -> 工作时段自动拉起: 失败
[2026-08-13 08:14:05] heygem-gen-video 未运行 -> 工作时段自动拉起: 失败
[2026-08-13 08:14:05] heygem-tts 未运行 -> 工作时段自动拉起: 失败
[2026-08-13 08:15:05] heygem-gen-video 未运行 -> 工作时段自动拉起: 失败
[2026-08-13 08:15:05] heygem-tts 未运行 -> 工作时段自动拉起: 失败
[2026-08-13 08:16:05] heygem-gen-video 未运行 -> 工作时段自动拉起: 失败
[2026-08-13 08:16:05] heygem-tts 未运行 -> 工作时段自动拉起: 失败
[2026-08-13 08:17:05] heygem-gen-video 未运行 -> 工作时段自动拉起: 失败
[2026-08-13 08:17:05] heygem-tts 未运行 -> 工作时段自动拉起: 失败
[2026-08-13 08:18:05] heygem-gen-video 未运行 -> 工作时段自动拉起: 失败
[2026-08-13 08:18:06] heygem-tts 未运行 -> 工作时段自动拉起: 失败
[2026-08-13 08:19:06] heygem-gen-video 未运行 -> 工作时段自动拉起: 失败
[2026-08-13 08:19:06] heygem-tts 未运行 -> 工作时段自动拉起: 失败
[2026-08-13 08:20:06] heygem-gen-video 未运行 -> 工作时段自动拉起: 失败
[2026-08-13 08:20:06] heygem-tts 未运行 -> 工作时段自动拉起: 失败
[2026-08-13 08:21:06] heygem-gen-video 未运行 -> 工作时段自动拉起: 失败
[2026-08-13 08:21:06] heygem-tts 未运行 -> 工作时段自动拉起: 失败
[2026-08-13 08:22:06] heygem-gen-video 未运行 -> 工作时段自动拉起: 失败
[2026-08-13 08:22:06] heygem-tts 未运行 -> 工作时段自动拉起: 失败
[2026-08-13 08:23:07] heygem-gen-video 未运行 -> 工作时段自动拉起: 失败
[2026-08-13 08:23:07] heygem-tts 未运行 -> 工作时段自动拉起: 失败
[2026-08-13 08:24:07] heygem-gen-video 未运行 -> 工作时段自动拉起: 失败
[2026-08-13 08:24:07] heygem-tts 未运行 -> 工作时段自动拉起: 失败
[2026-08-13 08:25:07] heygem-gen-video 未运行 -> 工作时段自动拉起: 失败
[2026-08-13 08:25:07] heygem-tts 未运行 -> 工作时段自动拉起: 失败
[2026-08-13 08:26:07] heygem-gen-video 未运行 -> 工作时段自动拉起: 失败
[2026-08-13 08:26:07] heygem-tts 未运行 -> 工作时段自动拉起: 失败
[2026-08-13 08:27:08] heygem-gen-video 未运行 -> 工作时段自动拉起: 失败
[2026-08-13 08:27:08] heygem-tts 未运行 -> 工作时段自动拉起: 失败
[2026-08-13 08:28:08] heygem-gen-video 未运行 -> 工作时段自动拉起: 失败
[2026-08-13 08:28:08] heygem-tts 未运行 -> 工作时段自动拉起: 失败
[2026-08-13 08:29:08] heygem-gen-video 未运行 -> 工作时段自动拉起: 失败
[2026-08-13 08:29:08] heygem-tts 未运行 -> 工作时段自动拉起: 失败
[2026-08-13 08:30:08] heygem-gen-video 未运行 -> 工作时段自动拉起: 失败
[2026-08-13 08:30:08] heygem-tts 未运行 -> 工作时段自动拉起: 失败
[2026-08-13 08:31:08] heygem-gen-video 未运行 -> 工作时段自动拉起: 失败
[2026-08-13 08:31:09] heygem-tts 未运行 -> 工作时段自动拉起: 失败
[2026-08-13 08:32:09] heygem-gen-video 未运行 -> 工作时段自动拉起: 失败
[2026-08-13 08:32:09] heygem-tts 未运行 -> 工作时段自动拉起: 失败
[2026-08-13 08:33:09] heygem-gen-video 未运行 -> 工作时段自动拉起: 失败
[2026-08-13 08:33:09] heygem-tts 未运行 -> 工作时段自动拉起: 失败
[2026-08-13 08:34:09] heygem-gen-video 未运行 -> 工作时段自动拉起: 失败
[2026-08-13 08:34:09] heygem-tts 未运行 -> 工作时段自动拉起: 失败
[2026-08-13 08:35:09] heygem-gen-video 未运行 -> 工作时段自动拉起: 失败
[2026-08-13 08:35:10] heygem-tts 未运行 -> 工作时段自动拉起: 失败
[2026-08-13 08:36:10] heygem-gen-video 未运行 -> 工作时段自动拉起: 失败
[2026-08-13 08:36:10] heygem-tts 未运行 -> 工作时段自动拉起: 失败
[2026-08-13 08:37:10] heygem-gen-video 未运行 -> 工作时段自动拉起: 失败
[2026-08-13 08:37:10] heygem-tts 未运行 -> 工作时段自动拉起: 失败
[2026-08-13 08:38:10] heygem-gen-video 未运行 -> 工作时段自动拉起: 失败
[2026-08-13 08:38:10] heygem-tts 未运行 -> 工作时段自动拉起: 失败
[2026-08-13 08:39:10] heygem-gen-video 未运行 -> 工作时段自动拉起: 失败
[2026-08-13 08:39:10] heygem-tts 未运行 -> 工作时段自动拉起: 失败
[2026-08-13 08:40:11] heygem-gen-video 未运行 -> 工作时段自动拉起: 失败
[2026-08-13 08:40:11] heygem-tts 未运行 -> 工作时段自动拉起: 失败
[2026-08-13 08:41:11] heygem-gen-video 未运行 -> 工作时段自动拉起: 失败
[2026-08-13 08:41:11] heygem-tts 未运行 -> 工作时段自动拉起: 失败
[2026-08-13 08:42:11] heygem-gen-video 未运行 -> 工作时段自动拉起: 失败
[2026-08-13 08:42:11] heygem-tts 未运行 -> 工作时段自动拉起: 失败
[2026-08-13 08:43:11] heygem-gen-video 未运行 -> 工作时段自动拉起: 失败
[2026-08-13 08:43:11] heygem-tts 未运行 -> 工作时段自动拉起: 失败
[2026-08-13 08:44:11] heygem-gen-video 未运行 -> 工作时段自动拉起: 失败
[2026-08-13 08:44:12] heygem-tts 未运行 -> 工作时段自动拉起: 失败
[2026-08-13 08:45:12] heygem-gen-video 未运行 -> 工作时段自动拉起: 失败
[2026-08-13 08:45:12] heygem-tts 未运行 -> 工作时段自动拉起: 失败
[2026-08-13 08:46:12] heygem-gen-video 未运行 -> 工作时段自动拉起: 失败
[2026-08-13 08:46:12] heygem-tts 未运行 -> 工作时段自动拉起: 失败
[2026-08-13 08:47:12] heygem-gen-video 未运行 -> 工作时段自动拉起: 失败
[2026-08-13 08:47:12] heygem-tts 未运行 -> 工作时段自动拉起: 失败
[2026-08-13 08:48:12] heygem-gen-video 未运行 -> 工作时段自动拉起: 失败
[2026-08-13 08:48:12] heygem-tts 未运行 -> 工作时段自动拉起: 失败
[2026-08-13 08:49:13] heygem-gen-video 未运行 -> 工作时段自动拉起: 失败
[2026-08-13 08:49:13] heygem-tts 未运行 -> 工作时段自动拉起: 失败
[2026-08-13 08:50:13] heygem-gen-video 未运行 -> 工作时段自动拉起: 失败
[2026-08-13 08:50:13] heygem-tts 未运行 -> 工作时段自动拉起: 失败
[2026-08-13 08:51:13] heygem-gen-video 未运行 -> 工作时段自动拉起: 失败
[2026-08-13 08:51:13] heygem-tts 未运行 -> 工作时段自动拉起: 失败
[2026-08-13 08:52:13] heygem-gen-video 未运行 -> 工作时段自动拉起: 失败
[2026-08-13 08:52:13] heygem-tts 未运行 -> 工作时段自动拉起: 失败
[2026-08-13 08:53:13] heygem-gen-video 未运行 -> 工作时段自动拉起: 失败
[2026-08-13 08:53:14] heygem-tts 未运行 -> 工作时段自动拉起: 失败
[2026-08-13 08:54:14] heygem-gen-video 未运行 -> 工作时段自动拉起: 失败
[2026-08-13 08:54:14] heygem-tts 未运行 -> 工作时段自动拉起: 失败
[2026-08-13 08:55:14] heygem-gen-video 未运行 -> 工作时段自动拉起: 失败
[2026-08-13 08:55:14] heygem-tts 未运行 -> 工作时段自动拉起: 失败
[2026-08-13 08:56:14] heygem-gen-video 未运行 -> 工作时段自动拉起: 失败
[2026-08-13 08:56:14] heygem-tts 未运行 -> 工作时段自动拉起: 失败
[2026-08-13 08:57:14] heygem-gen-video 未运行 -> 工作时段自动拉起: 失败
[2026-08-13 08:57:14] heygem-tts 未运行 -> 工作时段自动拉起: 失败
[2026-08-13 08:58:15] heygem-gen-video 未运行 -> 工作时段自动拉起: 失败
[2026-08-13 08:58:15] heygem-tts 未运行 -> 工作时段自动拉起: 失败
[2026-08-13 08:59:15] heygem-gen-video 未运行 -> 工作时段自动拉起: 失败
[2026-08-13 08:59:15] heygem-tts 未运行 -> 工作时段自动拉起: 失败
[2026-08-13 09:00:15] heygem-gen-video 未运行 -> 工作时段自动拉起: 失败
[2026-08-13 09:00:15] heygem-tts 未运行 -> 工作时段自动拉起: 失败
[2026-08-13 09:01:15] heygem-gen-video 未运行 -> 工作时段自动拉起: 失败
[2026-08-13 09:01:15] heygem-tts 未运行 -> 工作时段自动拉起: 失败
[2026-08-13 09:02:16] heygem-gen-video 未运行 -> 工作时段自动拉起: 失败
[2026-08-13 09:02:16] heygem-tts 未运行 -> 工作时段自动拉起: 失败
[2026-08-13 09:03:16] heygem-gen-video 未运行 -> 工作时段自动拉起: 失败
[2026-08-13 09:03:16] heygem-tts 未运行 -> 工作时段自动拉起: 失败
[2026-08-13 09:04:16] heygem-gen-video 未运行 -> 工作时段自动拉起: 失败
[2026-08-13 09:04:16] heygem-tts 未运行 -> 工作时段自动拉起: 失败
[2026-08-13 09:05:16] heygem-gen-video 未运行 -> 工作时段自动拉起: 失败
[2026-08-13 09:05:16] heygem-tts 未运行 -> 工作时段自动拉起: 失败
[2026-08-13 09:06:16] heygem-gen-video 未运行 -> 工作时段自动拉起: 失败
[2026-08-13 09:06:17] heygem-tts 未运行 -> 工作时段自动拉起: 失败
[2026-08-13 09:07:17] heygem-gen-video 未运行 -> 工作时段自动拉起: 失败
[2026-08-13 09:07:17] heygem-tts 未运行 -> 工作时段自动拉起: 失败
[2026-08-13 09:08:17] heygem-gen-video 未运行 -> 工作时段自动拉起: 失败
[2026-08-13 09:08:17] heygem-tts 未运行 -> 工作时段自动拉起: 失败
[2026-08-13 09:09:17] heygem-gen-video 未运行 -> 工作时段自动拉起: 失败
[2026-08-13 09:09:17] heygem-tts 未运行 -> 工作时段自动拉起: 失败
[2026-08-13 09:10:17] heygem-gen-video 未运行 -> 工作时段自动拉起: 失败
[2026-08-13 09:10:18] heygem-tts 未运行 -> 工作时段自动拉起: 失败
[2026-08-13 09:11:18] heygem-gen-video 未运行 -> 工作时段自动拉起: 失败
[2026-08-13 09:11:18] heygem-tts 未运行 -> 工作时段自动拉起: 失败
[2026-08-13 09:12:18] heygem-gen-video 未运行 -> 工作时段自动拉起: 失败
[2026-08-13 09:12:18] heygem-tts 未运行 -> 工作时段自动拉起: 失败
[2026-08-13 09:13:18] heygem-gen-video 未运行 -> 工作时段自动拉起: 失败
[2026-08-13 09:13:18] heygem-tts 未运行 -> 工作时段自动拉起: 失败
[2026-08-13 09:14:18] heygem-gen-video 未运行 -> 工作时段自动拉起: 失败
[2026-08-13 09:14:18] heygem-tts 未运行 -> 工作时段自动拉起: 失败
[2026-08-13 09:15:19] heygem-gen-video 未运行 -> 工作时段自动拉起: 失败
[2026-08-13 09:15:19] heygem-tts 未运行 -> 工作时段自动拉起: 失败
[2026-08-13 09:16:19] heygem-gen-video 未运行 -> 工作时段自动拉起: 失败
[2026-08-13 09:16:19] heygem-tts 未运行 -> 工作时段自动拉起: 失败
[2026-08-13 09:17:19] heygem-gen-video 未运行 -> 工作时段自动拉起: 失败
[2026-08-13 09:17:19] heygem-tts 未运行 -> 工作时段自动拉起: 失败
[2026-08-13 09:18:19] heygem-gen-video 未运行 -> 工作时段自动拉起: 失败
[2026-08-13 09:18:19] heygem-tts 未运行 -> 工作时段自动拉起: 失败
[2026-08-13 09:19:20] heygem-gen-video 未运行 -> 工作时段自动拉起: 失败
[2026-08-13 09:19:20] heygem-tts 未运行 -> 工作时段自动拉起: 失败
[2026-08-13 09:20:20] heygem-gen-video 未运行 -> 工作时段自动拉起: 失败
[2026-08-13 09:20:20] heygem-tts 未运行 -> 工作时段自动拉起: 失败
[2026-08-13 09:21:20] heygem-gen-video 未运行 -> 工作时段自动拉起: 失败
[2026-08-13 09:21:20] heygem-tts 未运行 -> 工作时段自动拉起: 失败
[2026-08-13 09:22:20] heygem-gen-video 未运行 -> 工作时段自动拉起: 失败
[2026-08-13 09:22:20] heygem-tts 未运行 -> 工作时段自动拉起: 失败
[2026-08-13 09:23:20] heygem-gen-video 未运行 -> 工作时段自动拉起: 失败
[2026-08-13 09:23:21] heygem-tts 未运行 -> 工作时段自动拉起: 失败
[2026-08-13 09:24:21] heygem-gen-video 未运行 -> 工作时段自动拉起: 失败
[2026-08-13 09:24:21] heygem-tts 未运行 -> 工作时段自动拉起: 失败
[2026-08-13 09:25:21] heygem-gen-video 未运行 -> 工作时段自动拉起: 失败
[2026-08-13 09:25:21] heygem-tts 未运行 -> 工作时段自动拉起: 失败
[2026-08-13 09:26:21] heygem-gen-video 未运行 -> 工作时段自动拉起: 失败
[2026-08-13 09:26:21] heygem-tts 未运行 -> 工作时段自动拉起: 失败
[2026-08-13 09:27:21] heygem-gen-video 未运行 -> 工作时段自动拉起: 失败
[2026-08-13 09:27:21] heygem-tts 未运行 -> 工作时段自动拉起: 失败
[2026-08-13 09:28:22] heygem-gen-video 未运行 -> 工作时段自动拉起: 失败
[2026-08-13 09:28:22] heygem-tts 未运行 -> 工作时段自动拉起: 失败
[2026-08-13 09:29:22] heygem-gen-video 未运行 -> 工作时段自动拉起: 失败
[2026-08-13 09:29:22] heygem-tts 未运行 -> 工作时段自动拉起: 失败
[2026-08-13 09:30:22] heygem-gen-video 未运行 -> 工作时段自动拉起: 失败
[2026-08-13 09:30:22] heygem-tts 未运行 -> 工作时段自动拉起: 失败
[2026-08-13 09:31:22] heygem-gen-video 未运行 -> 工作时段自动拉起: 失败
[2026-08-13 09:31:22] heygem-tts 未运行 -> 工作时段自动拉起: 失败
[2026-08-13 09:32:22] heygem-gen-video 未运行 -> 工作时段自动拉起: 失败
[2026-08-13 09:32:23] heygem-tts 未运行 -> 工作时段自动拉起: 失败
[2026-08-13 09:33:23] heygem-gen-video 未运行 -> 工作时段自动拉起: 失败
[2026-08-13 09:33:23] heygem-tts 未运行 -> 工作时段自动拉起: 失败
[2026-08-13 09:34:23] heygem-gen-video 未运行 -> 工作时段自动拉起: 失败
[2026-08-13 09:34:23] heygem-tts 未运行 -> 工作时段自动拉起: 失败
[2026-08-13 09:35:23] heygem-gen-video 未运行 -> 工作时段自动拉起: 失败
[2026-08-13 09:35:23] heygem-tts 未运行 -> 工作时段自动拉起: 失败
[2026-08-13 09:36:23] heygem-gen-video 未运行 -> 工作时段自动拉起: 失败
[2026-08-13 09:36:24] heygem-tts 未运行 -> 工作时段自动拉起: 失败
[2026-08-13 09:37:24] heygem-gen-video 未运行 -> 工作时段自动拉起: 失败
[2026-08-13 09:37:24] heygem-tts 未运行 -> 工作时段自动拉起: 失败
[2026-08-13 09:38:24] heygem-gen-video 未运行 -> 工作时段自动拉起: 失败
[2026-08-13 09:38:24] heygem-tts 未运行 -> 工作时段自动拉起: 失败
[2026-08-13 09:39:24] heygem-gen-video 未运行 -> 工作时段自动拉起: 失败
[2026-08-13 09:39:24] heygem-tts 未运行 -> 工作时段自动拉起: 失败
[2026-08-13 09:40:24] heygem-gen-video 未运行 -> 工作时段自动拉起: 失败
[2026-08-13 09:40:25] heygem-tts 未运行 -> 工作时段自动拉起: 失败
[2026-08-13 09:41:25] heygem-gen-video 未运行 -> 工作时段自动拉起: 失败
[2026-08-13 09:41:25] heygem-tts 未运行 -> 工作时段自动拉起: 失败
[2026-08-13 09:42:25] heygem-gen-video 未运行 -> 工作时段自动拉起: 失败
[2026-08-13 09:42:25] heygem-tts 未运行 -> 工作时段自动拉起: 失败
[2026-08-13 09:43:25] heygem-gen-video 未运行 -> 工作时段自动拉起: 失败
[2026-08-13 09:43:25] heygem-tts 未运行 -> 工作时段自动拉起: 失败
[2026-08-13 09:44:25] heygem-gen-video 未运行 -> 工作时段自动拉起: 失败
[2026-08-13 09:44:25] heygem-tts 未运行 -> 工作时段自动拉起: 失败
[2026-08-13 09:45:26] heygem-gen-video 未运行 -> 工作时段自动拉起: 失败
[2026-08-13 09:45:26] heygem-tts 未运行 -> 工作时段自动拉起: 失败
[2026-08-13 09:46:26] heygem-gen-video 未运行 -> 工作时段自动拉起: 失败
[2026-08-13 09:46:26] heygem-tts 未运行 -> 工作时段自动拉起: 失败
[2026-08-13 09:47:26] heygem-gen-video 未运行 -> 工作时段自动拉起: 失败
[2026-08-13 09:47:26] heygem-tts 未运行 -> 工作时段自动拉起: 失败
[2026-08-13 09:48:26] heygem-gen-video 未运行 -> 工作时段自动拉起: 失败
[2026-08-13 09:48:26] heygem-tts 未运行 -> 工作时段自动拉起: 失败
[2026-08-13 09:49:26] heygem-gen-video 未运行 -> 工作时段自动拉起: 失败
[2026-08-13 09:49:27] heygem-tts 未运行 -> 工作时段自动拉起: 失败
[2026-08-13 09:50:27] heygem-gen-video 未运行 -> 工作时段自动拉起: 失败
[2026-08-13 09:50:27] heygem-tts 未运行 -> 工作时段自动拉起: 失败
[2026-08-13 09:51:27] heygem-gen-video 未运行 -> 工作时段自动拉起: 失败
[2026-08-13 09:51:27] heygem-tts 未运行 -> 工作时段自动拉起: 失败
[2026-08-13 09:52:27] heygem-gen-video 未运行 -> 工作时段自动拉起: 失败
[2026-08-13 09:52:27] heygem-tts 未运行 -> 工作时段自动拉起: 失败
[2026-08-13 09:53:27] heygem-gen-video 未运行 -> 工作时段自动拉起: 失败
[2026-08-13 09:53:27] heygem-tts 未运行 -> 工作时段自动拉起: 失败
[2026-08-13 09:54:28] heygem-gen-video 未运行 -> 工作时段自动拉起: 失败
[2026-08-13 09:54:28] heygem-tts 未运行 -> 工作时段自动拉起: 失败
[2026-08-13 09:55:28] heygem-gen-video 未运行 -> 工作时段自动拉起: 失败
[2026-08-13 09:55:28] heygem-tts 未运行 -> 工作时段自动拉起: 失败
[2026-08-13 09:56:28] heygem-gen-video 未运行 -> 工作时段自动拉起: 失败
[2026-08-13 09:56:28] heygem-tts 未运行 -> 工作时段自动拉起: 失败
[2026-08-13 09:57:28] heygem-gen-video 未运行 -> 工作时段自动拉起: 失败
[2026-08-13 09:57:28] heygem-tts 未运行 -> 工作时段自动拉起: 失败
[2026-08-13 09:58:29] heygem-gen-video 未运行 -> 工作时段自动拉起: 失败
[2026-08-13 09:58:29] heygem-tts 未运行 -> 工作时段自动拉起: 失败
[2026-08-13 09:59:29] heygem-gen-video 未运行 -> 工作时段自动拉起: 失败
[2026-08-13 09:59:29] heygem-tts 未运行 -> 工作时段自动拉起: 失败
[2026-08-13 10:00:29] heygem-gen-video 未运行 -> 工作时段自动拉起: 失败
[2026-08-13 10:00:29] heygem-tts 未运行 -> 工作时段自动拉起: 失败
[2026-08-13 10:01:29] heygem-gen-video 未运行 -> 工作时段自动拉起: 失败
[2026-08-13 10:01:29] heygem-tts 未运行 -> 工作时段自动拉起: 失败
[2026-08-13 10:02:29] heygem-gen-video 未运行 -> 工作时段自动拉起: 失败
[2026-08-13 10:02:30] heygem-tts 未运行 -> 工作时段自动拉起: 失败
[2026-08-13 10:03:30] heygem-gen-video 未运行 -> 工作时段自动拉起: 失败
[2026-08-13 10:03:30] heygem-tts 未运行 -> 工作时段自动拉起: 失败
[2026-08-13 10:04:30] heygem-gen-video 未运行 -> 工作时段自动拉起: 失败
[2026-08-13 10:04:30] heygem-tts 未运行 -> 工作时段自动拉起: 失败
[2026-08-13 10:05:30] heygem-gen-video 未运行 -> 工作时段自动拉起: 失败
[2026-08-13 10:05:30] heygem-tts 未运行 -> 工作时段自动拉起: 失败
[2026-08-13 10:06:30] heygem-gen-video 未运行 -> 工作时段自动拉起: 失败
[2026-08-13 10:06:31] heygem-tts 未运行 -> 工作时段自动拉起: 失败
[2026-08-13 10:07:31] heygem-gen-video 未运行 -> 工作时段自动拉起: 失败
[2026-08-13 10:07:31] heygem-tts 未运行 -> 工作时段自动拉起: 失败
[2026-08-13 10:08:31] heygem-gen-video 未运行 -> 工作时段自动拉起: 失败
[2026-08-13 10:08:31] heygem-tts 未运行 -> 工作时段自动拉起: 失败
[2026-08-13 10:09:31] heygem-gen-video 未运行 -> 工作时段自动拉起: 失败
[2026-08-13 10:09:31] heygem-tts 未运行 -> 工作时段自动拉起: 失败
[2026-08-13 10:10:31] heygem-gen-video 未运行 -> 工作时段自动拉起: 失败
[2026-08-13 10:10:31] heygem-tts 未运行 -> 工作时段自动拉起: 失败
[2026-08-13 10:11:32] heygem-gen-video 未运行 -> 工作时段自动拉起: 失败
[2026-08-13 10:11:32] heygem-tts 未运行 -> 工作时段自动拉起: 失败
[2026-08-13 10:12:32] heygem-gen-video 未运行 -> 工作时段自动拉起: 失败
[2026-08-13 10:12:32] heygem-tts 未运行 -> 工作时段自动拉起: 失败
[2026-08-13 10:13:32] heygem-gen-video 未运行 -> 工作时段自动拉起: 失败
[2026-08-13 10:13:32] heygem-tts 未运行 -> 工作时段自动拉起: 失败
[2026-08-13 10:14:32] heygem-gen-video 未运行 -> 工作时段自动拉起: 失败
[2026-08-13 10:14:32] heygem-tts 未运行 -> 工作时段自动拉起: 失败
[2026-08-13 10:15:33] heygem-gen-video 未运行 -> 工作时段自动拉起: 失败
[2026-08-13 10:15:33] heygem-tts 未运行 -> 工作时段自动拉起: 失败
[2026-08-13 10:16:33] heygem-gen-video 未运行 -> 工作时段自动拉起: 失败
[2026-08-13 10:16:33] heygem-tts 未运行 -> 工作时段自动拉起: 失败
[2026-08-13 10:17:33] heygem-gen-video 未运行 -> 工作时段自动拉起: 失败
[2026-08-13 10:17:33] heygem-tts 未运行 -> 工作时段自动拉起: 失败
[2026-08-13 10:18:33] heygem-gen-video 未运行 -> 工作时段自动拉起: 失败
[2026-08-13 10:18:33] heygem-tts 未运行 -> 工作时段自动拉起: 失败
[2026-08-13 10:19:34] heygem-gen-video 未运行 -> 工作时段自动拉起: 失败
[2026-08-13 10:19:34] heygem-tts 未运行 -> 工作时段自动拉起: 失败
[2026-08-13 10:20:34] heygem-gen-video 未运行 -> 工作时段自动拉起: 失败
[2026-08-13 10:20:34] heygem-tts 未运行 -> 工作时段自动拉起: 失败
[2026-08-13 10:21:34] heygem-gen-video 未运行 -> 工作时段自动拉起: 失败
[2026-08-13 10:21:34] heygem-tts 未运行 -> 工作时段自动拉起: 失败
[2026-08-13 10:22:34] heygem-gen-video 未运行 -> 工作时段自动拉起: 失败
[2026-08-13 10:22:34] heygem-tts 未运行 -> 工作时段自动拉起: 失败
[2026-08-13 10:23:35] heygem-gen-video 未运行 -> 工作时段自动拉起: 失败
[2026-08-13 10:23:35] heygem-tts 未运行 -> 工作时段自动拉起: 失败
[2026-08-13 10:24:35] heygem-gen-video 未运行 -> 工作时段自动拉起: 失败
[2026-08-13 10:24:35] heygem-tts 未运行 -> 工作时段自动拉起: 失败
[2026-08-13 10:25:35] heygem-gen-video 未运行 -> 工作时段自动拉起: 失败
[2026-08-13 10:25:35] heygem-tts 未运行 -> 工作时段自动拉起: 失败
[2026-08-13 10:26:35] heygem-gen-video 未运行 -> 工作时段自动拉起: 失败
[2026-08-13 10:26:36] heygem-tts 未运行 -> 工作时段自动拉起: 失败
[2026-08-13 10:27:36] heygem-gen-video 未运行 -> 工作时段自动拉起: 失败
[2026-08-13 10:27:36] heygem-tts 未运行 -> 工作时段自动拉起: 失败
[2026-08-13 10:28:36] heygem-gen-video 未运行 -> 工作时段自动拉起: 失败
[2026-08-13 10:28:36] heygem-tts 未运行 -> 工作时段自动拉起: 失败
[2026-08-13 10:29:36] heygem-gen-video 未运行 -> 工作时段自动拉起: 失败
[2026-08-13 10:29:36] heygem-tts 未运行 -> 工作时段自动拉起: 失败
[2026-08-13 10:30:36] heygem-gen-video 未运行 -> 工作时段自动拉起: 失败
[2026-08-13 10:30:36] heygem-tts 未运行 -> 工作时段自动拉起: 失败
[2026-08-13 10:31:37] heygem-gen-video 未运行 -> 工作时段自动拉起: 失败
[2026-08-13 10:31:37] heygem-tts 未运行 -> 工作时段自动拉起: 失败
[2026-08-13 10:32:37] heygem-gen-video 未运行 -> 工作时段自动拉起: 失败
[2026-08-13 10:32:37] heygem-tts 未运行 -> 工作时段自动拉起: 失败
[2026-08-13 10:33:37] heygem-gen-video 未运行 -> 工作时段自动拉起: 失败
[2026-08-13 10:33:37] heygem-tts 未运行 -> 工作时段自动拉起: 失败
[2026-08-13 10:34:37] heygem-gen-video 未运行 -> 工作时段自动拉起: 失败
[2026-08-13 10:34:38] heygem-tts 未运行 -> 工作时段自动拉起: 失败
[2026-08-13 10:35:38] heygem-gen-video 未运行 -> 工作时段自动拉起: 失败
[2026-08-13 10:35:38] heygem-tts 未运行 -> 工作时段自动拉起: 失败
[2026-08-13 10:36:38] heygem-gen-video 未运行 -> 工作时段自动拉起: 失败
[2026-08-13 10:36:38] heygem-tts 未运行 -> 工作时段自动拉起: 失败
[2026-08-13 10:37:38] heygem-gen-video 未运行 -> 工作时段自动拉起: 失败
[2026-08-13 10:37:38] heygem-tts 未运行 -> 工作时段自动拉起: 失败
[2026-08-13 10:38:38] heygem-gen-video 未运行 -> 工作时段自动拉起: 失败
[2026-08-13 10:38:39] heygem-tts 未运行 -> 工作时段自动拉起: 失败
[2026-08-13 10:39:39] heygem-gen-video 未运行 -> 工作时段自动拉起: 失败
[2026-08-13 10:39:39] heygem-tts 未运行 -> 工作时段自动拉起: 失败
[2026-08-13 10:40:39] heygem-gen-video 未运行 -> 工作时段自动拉起: 失败
[2026-08-13 10:40:39] heygem-tts 未运行 -> 工作时段自动拉起: 失败
[2026-08-13 10:41:39] heygem-gen-video 未运行 -> 工作时段自动拉起: 失败
[2026-08-13 10:41:39] heygem-tts 未运行 -> 工作时段自动拉起: 失败
[2026-08-13 10:42:40] heygem-gen-video 未运行 -> 工作时段自动拉起: 失败
[2026-08-13 10:42:40] heygem-tts 未运行 -> 工作时段自动拉起: 失败
[2026-08-13 10:43:40] heygem-gen-video 未运行 -> 工作时段自动拉起: 失败
[2026-08-13 10:43:40] heygem-tts 未运行 -> 工作时段自动拉起: 失败
[2026-08-13 10:44:40] heygem-gen-video 未运行 -> 工作时段自动拉起: 失败
[2026-08-13 10:44:40] heygem-tts 未运行 -> 工作时段自动拉起: 失败
[2026-08-13 10:45:40] heygem-gen-video 未运行 -> 工作时段自动拉起: 失败
[2026-08-13 10:45:40] heygem-tts 未运行 -> 工作时段自动拉起: 失败
[2026-08-13 10:46:40] heygem-gen-video 未运行 -> 工作时段自动拉起: 失败
[2026-08-13 10:46:41] heygem-tts 未运行 -> 工作时段自动拉起: 失败
[2026-08-13 10:47:41] heygem-gen-video 未运行 -> 工作时段自动拉起: 失败
[2026-08-13 10:47:41] heygem-tts 未运行 -> 工作时段自动拉起: 失败
[2026-08-13 10:48:41] heygem-gen-video 未运行 -> 工作时段自动拉起: 失败
[2026-08-13 10:48:41] heygem-tts 未运行 -> 工作时段自动拉起: 失败
[2026-08-13 10:49:41] heygem-gen-video 未运行 -> 工作时段自动拉起: 失败
[2026-08-13 10:49:41] heygem-tts 未运行 -> 工作时段自动拉起: 失败
[2026-08-13 10:50:42] heygem-gen-video 未运行 -> 工作时段自动拉起: 失败
[2026-08-13 10:50:42] heygem-tts 未运行 -> 工作时段自动拉起: 失败
[2026-08-13 10:51:42] heygem-gen-video 未运行 -> 工作时段自动拉起: 失败
[2026-08-13 10:51:42] heygem-tts 未运行 -> 工作时段自动拉起: 失败
[2026-08-13 10:52:42] heygem-gen-video 未运行 -> 工作时段自动拉起: 失败
[2026-08-13 10:52:42] heygem-tts 未运行 -> 工作时段自动拉起: 失败
[2026-08-13 10:53:42] heygem-gen-video 未运行 -> 工作时段自动拉起: 失败
[2026-08-13 10:53:42] heygem-tts 未运行 -> 工作时段自动拉起: 失败
[2026-08-13 10:54:43] heygem-gen-video 未运行 -> 工作时段自动拉起: 失败
[2026-08-13 10:54:43] heygem-tts 未运行 -> 工作时段自动拉起: 失败
[2026-08-13 10:55:43] heygem-gen-video 未运行 -> 工作时段自动拉起: 失败
[2026-08-13 10:55:43] heygem-tts 未运行 -> 工作时段自动拉起: 失败
[2026-08-13 10:56:43] heygem-gen-video 未运行 -> 工作时段自动拉起: 失败
[2026-08-13 10:56:43] heygem-tts 未运行 -> 工作时段自动拉起: 失败
[2026-08-13 10:57:43] heygem-gen-video 未运行 -> 工作时段自动拉起: 失败
[2026-08-13 10:57:43] heygem-tts 未运行 -> 工作时段自动拉起: 失败
[2026-08-13 10:58:44] heygem-gen-video 未运行 -> 工作时段自动拉起: 失败
[2026-08-13 10:58:44] heygem-tts 未运行 -> 工作时段自动拉起: 失败
[2026-08-13 10:59:44] heygem-gen-video 未运行 -> 工作时段自动拉起: 失败
[2026-08-13 10:59:44] heygem-tts 未运行 -> 工作时段自动拉起: 失败
[2026-08-13 11:00:44] heygem-gen-video 未运行 -> 工作时段自动拉起: 失败
[2026-08-13 11:00:44] heygem-tts 未运行 -> 工作时段自动拉起: 失败
[2026-08-13 11:01:44] heygem-gen-video 未运行 -> 工作时段自动拉起: 失败
[2026-08-13 11:01:45] heygem-tts 未运行 -> 工作时段自动拉起: 失败
[2026-08-13 11:02:45] heygem-gen-video 未运行 -> 工作时段自动拉起: 失败
[2026-08-13 11:02:45] heygem-tts 未运行 -> 工作时段自动拉起: 失败
[2026-08-13 11:03:45] heygem-gen-video 未运行 -> 工作时段自动拉起: 失败
[2026-08-13 11:03:45] heygem-tts 未运行 -> 工作时段自动拉起: 失败
[2026-08-13 11:04:45] heygem-gen-video 未运行 -> 工作时段自动拉起: 失败
[2026-08-13 11:04:45] heygem-tts 未运行 -> 工作时段自动拉起: 失败
[2026-08-13 11:05:45] heygem-gen-video 未运行 -> 工作时段自动拉起: 失败
[2026-08-13 11:05:46] heygem-tts 未运行 -> 工作时段自动拉起: 失败
[2026-08-13 11:06:46] heygem-gen-video 未运行 -> 工作时段自动拉起: 失败
[2026-08-13 11:06:46] heygem-tts 未运行 -> 工作时段自动拉起: 失败
[2026-08-13 11:07:46] heygem-gen-video 未运行 -> 工作时段自动拉起: 失败
[2026-08-13 11:07:46] heygem-tts 未运行 -> 工作时段自动拉起: 失败
[2026-08-13 11:08:46] heygem-gen-video 未运行 -> 工作时段自动拉起: 失败
[2026-08-13 11:08:46] heygem-tts 未运行 -> 工作时段自动拉起: 失败
[2026-08-13 11:09:46] heygem-gen-video 未运行 -> 工作时段自动拉起: 失败
[2026-08-13 11:09:47] heygem-tts 未运行 -> 工作时段自动拉起: 失败
[2026-08-13 11:10:47] heygem-gen-video 未运行 -> 工作时段自动拉起: 失败
[2026-08-13 11:10:47] heygem-tts 未运行 -> 工作时段自动拉起: 失败
[2026-08-13 11:11:47] heygem-gen-video 未运行 -> 工作时段自动拉起: 失败
[2026-08-13 11:11:47] heygem-tts 未运行 -> 工作时段自动拉起: 失败
[2026-08-13 11:12:47] heygem-gen-video 未运行 -> 工作时段自动拉起: 失败
[2026-08-13 11:12:47] heygem-tts 未运行 -> 工作时段自动拉起: 失败
[2026-08-13 11:13:47] heygem-gen-video 未运行 -> 工作时段自动拉起: 失败
[2026-08-13 11:13:48] heygem-tts 未运行 -> 工作时段自动拉起: 失败
[2026-08-13 11:14:48] heygem-gen-video 未运行 -> 工作时段自动拉起: 失败
[2026-08-13 11:14:48] heygem-tts 未运行 -> 工作时段自动拉起: 失败
[2026-08-13 11:15:48] heygem-gen-video 未运行 -> 工作时段自动拉起: 失败
[2026-08-13 11:15:48] heygem-tts 未运行 -> 工作时段自动拉起: 失败
[2026-08-13 11:16:48] heygem-gen-video 未运行 -> 工作时段自动拉起: 失败
[2026-08-13 11:16:48] heygem-tts 未运行 -> 工作时段自动拉起: 失败
[2026-08-13 11:17:48] heygem-gen-video 未运行 -> 工作时段自动拉起: 失败
[2026-08-13 11:17:49] heygem-tts 未运行 -> 工作时段自动拉起: 失败
[2026-08-13 11:18:49] heygem-gen-video 未运行 -> 工作时段自动拉起: 失败
[2026-08-13 11:18:49] heygem-tts 未运行 -> 工作时段自动拉起: 失败
[2026-08-13 11:19:49] heygem-gen-video 未运行 -> 工作时段自动拉起: 失败
[2026-08-13 11:19:49] heygem-tts 未运行 -> 工作时段自动拉起: 失败
[2026-08-13 11:20:49] heygem-gen-video 未运行 -> 工作时段自动拉起: 失败
[2026-08-13 11:20:49] heygem-tts 未运行 -> 工作时段自动拉起: 失败
[2026-08-13 11:21:49] heygem-gen-video 未运行 -> 工作时段自动拉起: 失败
[2026-08-13 11:21:50] heygem-tts 未运行 -> 工作时段自动拉起: 失败
[2026-08-13 11:22:50] heygem-gen-video 未运行 -> 工作时段自动拉起: 失败
[2026-08-13 11:22:50] heygem-tts 未运行 -> 工作时段自动拉起: 失败
[2026-08-13 11:23:50] heygem-gen-video 未运行 -> 工作时段自动拉起: 失败
[2026-08-13 11:23:50] heygem-tts 未运行 -> 工作时段自动拉起: 失败
[2026-08-13 11:24:50] heygem-gen-video 未运行 -> 工作时段自动拉起: 失败
[2026-08-13 11:24:50] heygem-tts 未运行 -> 工作时段自动拉起: 失败
[2026-08-13 11:25:50] heygem-gen-video 未运行 -> 工作时段自动拉起: 失败
[2026-08-13 11:25:51] heygem-tts 未运行 -> 工作时段自动拉起: 失败
[2026-08-13 11:26:51] heygem-gen-video 未运行 -> 工作时段自动拉起: 失败
[2026-08-13 11:26:51] heygem-tts 未运行 -> 工作时段自动拉起: 失败
[2026-08-13 11:27:51] heygem-gen-video 未运行 -> 工作时段自动拉起: 失败
[2026-08-13 11:27:51] heygem-tts 未运行 -> 工作时段自动拉起: 失败
[2026-08-13 11:28:51] heygem-gen-video 未运行 -> 工作时段自动拉起: 失败
[2026-08-13 11:28:51] heygem-tts 未运行 -> 工作时段自动拉起: 失败
[2026-08-13 11:29:51] heygem-gen-video 未运行 -> 工作时段自动拉起: 失败
[2026-08-13 11:29:52] heygem-tts 未运行 -> 工作时段自动拉起: 失败
[2026-08-13 11:30:52] heygem-gen-video 未运行 -> 工作时段自动拉起: 失败
[2026-08-13 11:30:52] heygem-tts 未运行 -> 工作时段自动拉起: 失败
[2026-08-13 11:31:52] heygem-gen-video 未运行 -> 工作时段自动拉起: 失败
[2026-08-13 11:31:52] heygem-tts 未运行 -> 工作时段自动拉起: 失败
[2026-08-13 11:32:52] heygem-gen-video 未运行 -> 工作时段自动拉起: 失败
[2026-08-13 11:32:52] heygem-tts 未运行 -> 工作时段自动拉起: 失败
[2026-08-13 11:33:52] heygem-gen-video 未运行 -> 工作时段自动拉起: 失败
[2026-08-13 11:33:53] heygem-tts 未运行 -> 工作时段自动拉起: 失败
[2026-08-13 11:34:53] heygem-gen-video 未运行 -> 工作时段自动拉起: 失败
[2026-08-13 11:34:53] heygem-tts 未运行 -> 工作时段自动拉起: 失败
[2026-08-13 11:35:53] heygem-gen-video 未运行 -> 工作时段自动拉起: 失败
[2026-08-13 11:35:53] heygem-tts 未运行 -> 工作时段自动拉起: 失败
[2026-08-13 11:36:53] heygem-gen-video 未运行 -> 工作时段自动拉起: 失败
[2026-08-13 11:36:53] heygem-tts 未运行 -> 工作时段自动拉起: 失败
[2026-08-13 11:37:53] heygem-gen-video 未运行 -> 工作时段自动拉起: 失败
[2026-08-13 11:37:54] heygem-tts 未运行 -> 工作时段自动拉起: 失败
[2026-08-13 11:38:54] heygem-gen-video 未运行 -> 工作时段自动拉起: 失败
[2026-08-13 11:38:54] heygem-tts 未运行 -> 工作时段自动拉起: 失败
[2026-08-13 11:39:54] heygem-gen-video 未运行 -> 工作时段自动拉起: 失败
[2026-08-13 11:39:54] heygem-tts 未运行 -> 工作时段自动拉起: 失败
[2026-08-13 11:40:54] heygem-gen-video 未运行 -> 工作时段自动拉起: 失败
[2026-08-13 11:40:54] heygem-tts 未运行 -> 工作时段自动拉起: 失败
[2026-08-13 11:41:54] heygem-gen-video 未运行 -> 工作时段自动拉起: 失败
[2026-08-13 11:41:55] heygem-tts 未运行 -> 工作时段自动拉起: 失败
[2026-08-13 11:42:55] heygem-gen-video 未运行 -> 工作时段自动拉起: 失败
[2026-08-13 11:42:55] heygem-tts 未运行 -> 工作时段自动拉起: 失败
[2026-08-13 11:43:55] heygem-gen-video 未运行 -> 工作时段自动拉起: 失败
[2026-08-13 11:43:55] heygem-tts 未运行 -> 工作时段自动拉起: 失败
[2026-08-13 11:44:55] heygem-gen-video 未运行 -> 工作时段自动拉起: 失败
[2026-08-13 11:44:55] heygem-tts 未运行 -> 工作时段自动拉起: 失败
[2026-08-13 11:45:56] heygem-gen-video 未运行 -> 工作时段自动拉起: 失败
[2026-08-13 11:45:56] heygem-tts 未运行 -> 工作时段自动拉起: 失败
[2026-08-13 11:46:56] heygem-gen-video 未运行 -> 工作时段自动拉起: 失败
[2026-08-13 11:46:56] heygem-tts 未运行 -> 工作时段自动拉起: 失败
[2026-08-13 11:47:56] heygem-gen-video 未运行 -> 工作时段自动拉起: 失败
[2026-08-13 11:47:56] heygem-tts 未运行 -> 工作时段自动拉起: 失败
[2026-08-13 11:48:56] heygem-gen-video 未运行 -> 工作时段自动拉起: 失败
[2026-08-13 11:48:56] heygem-tts 未运行 -> 工作时段自动拉起: 失败
[2026-08-13 11:49:56] heygem-gen-video 未运行 -> 工作时段自动拉起: 失败
[2026-08-13 11:49:57] heygem-tts 未运行 -> 工作时段自动拉起: 失败
[2026-08-13 11:50:57] heygem-gen-video 未运行 -> 工作时段自动拉起: 失败
[2026-08-13 11:50:57] heygem-tts 未运行 -> 工作时段自动拉起: 失败
[2026-08-13 11:51:57] heygem-gen-video 未运行 -> 工作时段自动拉起: 失败
[2026-08-13 11:51:57] heygem-tts 未运行 -> 工作时段自动拉起: 失败
[2026-08-13 11:52:57] heygem-gen-video 未运行 -> 工作时段自动拉起: 失败
[2026-08-13 11:52:57] heygem-tts 未运行 -> 工作时段自动拉起: 失败
[2026-08-13 11:53:57] heygem-gen-video 未运行 -> 工作时段自动拉起: 失败
[2026-08-13 11:53:58] heygem-tts 未运行 -> 工作时段自动拉起: 失败
[2026-08-13 11:54:58] heygem-gen-video 未运行 -> 工作时段自动拉起: 失败
[2026-08-13 11:54:58] heygem-tts 未运行 -> 工作时段自动拉起: 失败
[2026-08-13 11:55:58] heygem-gen-video 未运行 -> 工作时段自动拉起: 失败
[2026-08-13 11:55:58] heygem-tts 未运行 -> 工作时段自动拉起: 失败
[2026-08-13 11:56:58] heygem-gen-video 未运行 -> 工作时段自动拉起: 失败
[2026-08-13 11:56:58] heygem-tts 未运行 -> 工作时段自动拉起: 失败
[2026-08-13 11:57:58] heygem-gen-video 未运行 -> 工作时段自动拉起: 失败
[2026-08-13 11:57:59] heygem-tts 未运行 -> 工作时段自动拉起: 失败
[2026-08-13 11:58:59] heygem-gen-video 未运行 -> 工作时段自动拉起: 失败
[2026-08-13 11:58:59] heygem-tts 未运行 -> 工作时段自动拉起: 失败
[2026-08-13 11:59:59] heygem-gen-video 未运行 -> 工作时段自动拉起: 失败
[2026-08-13 11:59:59] heygem-tts 未运行 -> 工作时段自动拉起: 失败
[2026-08-13 12:00:59] heygem-gen-video 未运行 -> 工作时段自动拉起: 失败
[2026-08-13 12:00:59] heygem-tts 未运行 -> 工作时段自动拉起: 失败
[2026-08-13 12:02:00] heygem-gen-video 未运行 -> 工作时段自动拉起: 失败
[2026-08-13 12:02:00] heygem-tts 未运行 -> 工作时段自动拉起: 失败
[2026-08-13 12:03:00] heygem-gen-video 未运行 -> 工作时段自动拉起: 失败
[2026-08-13 12:03:00] heygem-tts 未运行 -> 工作时段自动拉起: 失败
[2026-08-13 12:04:00] heygem-gen-video 未运行 -> 工作时段自动拉起: 失败
[2026-08-13 12:04:00] heygem-tts 未运行 -> 工作时段自动拉起: 失败
[2026-08-13 12:05:00] heygem-gen-video 未运行 -> 工作时段自动拉起: 失败
[2026-08-13 12:05:00] heygem-tts 未运行 -> 工作时段自动拉起: 失败
[2026-08-13 12:06:01] heygem-gen-video 未运行 -> 工作时段自动拉起: 失败
[2026-08-13 12:06:01] heygem-tts 未运行 -> 工作时段自动拉起: 失败
[2026-08-13 12:07:01] heygem-gen-video 未运行 -> 工作时段自动拉起: 失败
[2026-08-13 12:07:01] heygem-tts 未运行 -> 工作时段自动拉起: 失败
[2026-08-13 12:08:01] heygem-gen-video 未运行 -> 工作时段自动拉起: 失败
[2026-08-13 12:08:01] heygem-tts 未运行 -> 工作时段自动拉起: 失败
[2026-08-13 12:09:01] heygem-gen-video 未运行 -> 工作时段自动拉起: 失败
[2026-08-13 12:09:01] heygem-tts 未运行 -> 工作时段自动拉起: 失败
[2026-08-13 12:10:02] heygem-gen-video 未运行 -> 工作时段自动拉起: 失败
[2026-08-13 12:10:02] heygem-tts 未运行 -> 工作时段自动拉起: 失败
[2026-08-13 12:11:02] heygem-gen-video 未运行 -> 工作时段自动拉起: 失败
[2026-08-13 12:11:02] heygem-tts 未运行 -> 工作时段自动拉起: 失败
[2026-08-13 12:12:02] heygem-gen-video 未运行 -> 工作时段自动拉起: 失败
[2026-08-13 12:12:02] heygem-tts 未运行 -> 工作时段自动拉起: 失败
[2026-08-13 12:13:02] heygem-gen-video 未运行 -> 工作时段自动拉起: 失败
[2026-08-13 12:13:02] heygem-tts 未运行 -> 工作时段自动拉起: 失败
[2026-08-13 12:14:03] heygem-gen-video 未运行 -> 工作时段自动拉起: 失败
[2026-08-13 12:14:03] heygem-tts 未运行 -> 工作时段自动拉起: 失败
[2026-08-13 12:15:03] heygem-gen-video 未运行 -> 工作时段自动拉起: 失败
[2026-08-13 12:15:03] heygem-tts 未运行 -> 工作时段自动拉起: 失败
[2026-08-13 12:16:03] heygem-gen-video 未运行 -> 工作时段自动拉起: 失败
[2026-08-13 12:16:03] heygem-tts 未运行 -> 工作时段自动拉起: 失败
[2026-08-13 12:17:03] heygem-gen-video 未运行 -> 工作时段自动拉起: 失败
[2026-08-13 12:17:04] heygem-tts 未运行 -> 工作时段自动拉起: 失败
[2026-08-13 12:18:04] heygem-gen-video 未运行 -> 工作时段自动拉起: 失败
[2026-08-13 12:18:04] heygem-tts 未运行 -> 工作时段自动拉起: 失败
[2026-08-13 12:19:04] heygem-gen-video 未运行 -> 工作时段自动拉起: 失败
[2026-08-13 12:19:04] heygem-tts 未运行 -> 工作时段自动拉起: 失败
[2026-08-13 12:20:04] heygem-gen-video 未运行 -> 工作时段自动拉起: 失败
[2026-08-13 12:20:04] heygem-tts 未运行 -> 工作时段自动拉起: 失败
[2026-08-13 12:21:04] heygem-gen-video 未运行 -> 工作时段自动拉起: 失败
[2026-08-13 12:21:05] heygem-tts 未运行 -> 工作时段自动拉起: 失败
[2026-08-13 12:22:05] heygem-gen-video 未运行 -> 工作时段自动拉起: 失败
[2026-08-13 12:22:05] heygem-tts 未运行 -> 工作时段自动拉起: 失败
[2026-08-13 12:23:05] heygem-gen-video 未运行 -> 工作时段自动拉起: 失败
[2026-08-13 12:23:05] heygem-tts 未运行 -> 工作时段自动拉起: 失败
[2026-08-13 12:24:05] heygem-gen-video 未运行 -> 工作时段自动拉起: 失败
[2026-08-13 12:24:05] heygem-tts 未运行 -> 工作时段自动拉起: 失败
[2026-08-13 12:25:05] heygem-gen-video 未运行 -> 工作时段自动拉起: 失败
[2026-08-13 12:25:05] heygem-tts 未运行 -> 工作时段自动拉起: 失败
[2026-08-13 12:26:06] heygem-gen-video 未运行 -> 工作时段自动拉起: 失败
[2026-08-13 12:26:06] heygem-tts 未运行 -> 工作时段自动拉起: 失败
[2026-08-13 12:27:06] heygem-gen-video 未运行 -> 工作时段自动拉起: 失败
[2026-08-13 12:27:06] heygem-tts 未运行 -> 工作时段自动拉起: 失败
[2026-08-13 12:28:06] heygem-gen-video 未运行 -> 工作时段自动拉起: 失败
[2026-08-13 12:28:06] heygem-tts 未运行 -> 工作时段自动拉起: 失败
[2026-08-13 12:29:06] heygem-gen-video 未运行 -> 工作时段自动拉起: 失败
[2026-08-13 12:29:06] heygem-tts 未运行 -> 工作时段自动拉起: 失败
[2026-08-13 12:30:07] heygem-gen-video 未运行 -> 工作时段自动拉起: 失败
[2026-08-13 12:30:07] heygem-tts 未运行 -> 工作时段自动拉起: 失败
[2026-08-13 12:31:07] heygem-gen-video 未运行 -> 工作时段自动拉起: 失败
[2026-08-13 12:31:07] heygem-tts 未运行 -> 工作时段自动拉起: 失败
[2026-08-13 12:32:07] heygem-gen-video 未运行 -> 工作时段自动拉起: 失败
[2026-08-13 12:32:07] heygem-tts 未运行 -> 工作时段自动拉起: 失败
[2026-08-13 12:33:07] heygem-gen-video 未运行 -> 工作时段自动拉起: 失败
[2026-08-13 12:33:07] heygem-tts 未运行 -> 工作时段自动拉起: 失败
[2026-08-13 12:34:07] heygem-gen-video 未运行 -> 工作时段自动拉起: 失败
[2026-08-13 12:34:08] heygem-tts 未运行 -> 工作时段自动拉起: 失败
[2026-08-13 12:35:08] heygem-gen-video 未运行 -> 工作时段自动拉起: 失败
[2026-08-13 12:35:08] heygem-tts 未运行 -> 工作时段自动拉起: 失败
[2026-08-13 12:36:08] heygem-gen-video 未运行 -> 工作时段自动拉起: 失败
[2026-08-13 12:36:08] heygem-tts 未运行 -> 工作时段自动拉起: 失败
[2026-08-13 12:37:08] heygem-gen-video 未运行 -> 工作时段自动拉起: 失败
[2026-08-13 12:37:08] heygem-tts 未运行 -> 工作时段自动拉起: 失败
[2026-08-13 12:38:09] heygem-gen-video 未运行 -> 工作时段自动拉起: 失败
[2026-08-13 12:38:09] heygem-tts 未运行 -> 工作时段自动拉起: 失败
[2026-08-13 12:39:09] heygem-gen-video 未运行 -> 工作时段自动拉起: 失败
[2026-08-13 12:39:09] heygem-tts 未运行 -> 工作时段自动拉起: 失败
[2026-08-13 12:40:09] heygem-gen-video 未运行 -> 工作时段自动拉起: 失败
[2026-08-13 12:40:09] heygem-tts 未运行 -> 工作时段自动拉起: 失败
[2026-08-13 12:41:09] heygem-gen-video 未运行 -> 工作时段自动拉起: 失败
[2026-08-13 12:41:09] heygem-tts 未运行 -> 工作时段自动拉起: 失败
[2026-08-13 12:42:09] heygem-gen-video 未运行 -> 工作时段自动拉起: 失败
[2026-08-13 12:42:10] heygem-tts 未运行 -> 工作时段自动拉起: 失败
[2026-08-13 12:43:10] heygem-gen-video 未运行 -> 工作时段自动拉起: 失败
[2026-08-13 12:43:10] heygem-tts 未运行 -> 工作时段自动拉起: 失败
[2026-08-13 12:44:10] heygem-gen-video 未运行 -> 工作时段自动拉起: 失败
[2026-08-13 12:44:10] heygem-tts 未运行 -> 工作时段自动拉起: 失败
[2026-08-13 12:45:10] heygem-gen-video 未运行 -> 工作时段自动拉起: 失败
[2026-08-13 12:45:10] heygem-tts 未运行 -> 工作时段自动拉起: 失败
[2026-08-13 12:46:10] heygem-gen-video 未运行 -> 工作时段自动拉起: 失败
[2026-08-13 12:46:10] heygem-tts 未运行 -> 工作时段自动拉起: 失败
[2026-08-13 12:47:11] heygem-gen-video 未运行 -> 工作时段自动拉起: 失败
[2026-08-13 12:47:11] heygem-tts 未运行 -> 工作时段自动拉起: 失败
[2026-08-13 12:48:11] heygem-gen-video 未运行 -> 工作时段自动拉起: 失败
[2026-08-13 12:48:11] heygem-tts 未运行 -> 工作时段自动拉起: 失败
[2026-08-13 12:49:11] heygem-gen-video 未运行 -> 工作时段自动拉起: 失败
[2026-08-13 12:49:11] heygem-tts 未运行 -> 工作时段自动拉起: 失败
[2026-08-13 12:50:11] heygem-gen-video 未运行 -> 工作时段自动拉起: 失败
[2026-08-13 12:50:11] heygem-tts 未运行 -> 工作时段自动拉起: 失败
[2026-08-13 12:51:12] heygem-gen-video 未运行 -> 工作时段自动拉起: 失败
[2026-08-13 12:51:12] heygem-tts 未运行 -> 工作时段自动拉起: 失败
[2026-08-13 12:52:12] heygem-gen-video 未运行 -> 工作时段自动拉起: 失败
[2026-08-13 12:52:12] heygem-tts 未运行 -> 工作时段自动拉起: 失败
[2026-08-13 12:53:12] heygem-gen-video 未运行 -> 工作时段自动拉起: 失败
[2026-08-13 12:53:12] heygem-tts 未运行 -> 工作时段自动拉起: 失败
[2026-08-13 12:54:12] heygem-gen-video 未运行 -> 工作时段自动拉起: 失败
[2026-08-13 12:54:12] heygem-tts 未运行 -> 工作时段自动拉起: 失败
[2026-08-13 12:55:12] heygem-gen-video 未运行 -> 工作时段自动拉起: 失败
[2026-08-13 12:55:13] heygem-tts 未运行 -> 工作时段自动拉起: 失败
[2026-08-13 12:56:13] heygem-gen-video 未运行 -> 工作时段自动拉起: 失败
[2026-08-13 12:56:13] heygem-tts 未运行 -> 工作时段自动拉起: 失败
[2026-08-13 12:57:13] heygem-gen-video 未运行 -> 工作时段自动拉起: 失败
[2026-08-13 12:57:13] heygem-tts 未运行 -> 工作时段自动拉起: 失败
[2026-08-13 12:58:13] heygem-gen-video 未运行 -> 工作时段自动拉起: 失败
[2026-08-13 12:58:13] heygem-tts 未运行 -> 工作时段自动拉起: 失败
[2026-08-13 12:59:13] heygem-gen-video 未运行 -> 工作时段自动拉起: 失败
[2026-08-13 12:59:13] heygem-tts 未运行 -> 工作时段自动拉起: 失败
[2026-08-13 13:00:14] heygem-gen-video 未运行 -> 工作时段自动拉起: 失败
[2026-08-13 13:00:14] heygem-tts 未运行 -> 工作时段自动拉起: 失败
[2026-08-13 13:01:14] heygem-gen-video 未运行 -> 工作时段自动拉起: 失败
[2026-08-13 13:01:14] heygem-tts 未运行 -> 工作时段自动拉起: 失败
[2026-08-13 13:02:14] heygem-gen-video 未运行 -> 工作时段自动拉起: 失败
[2026-08-13 13:02:14] heygem-tts 未运行 -> 工作时段自动拉起: 失败
[2026-08-13 13:03:14] heygem-gen-video 未运行 -> 工作时段自动拉起: 失败
[2026-08-13 13:03:14] heygem-tts 未运行 -> 工作时段自动拉起: 失败
[2026-08-13 13:04:15] heygem-gen-video 未运行 -> 工作时段自动拉起: 失败
[2026-08-13 13:04:15] heygem-tts 未运行 -> 工作时段自动拉起: 失败
[2026-08-13 13:05:15] heygem-gen-video 未运行 -> 工作时段自动拉起: 失败
[2026-08-13 13:05:15] heygem-tts 未运行 -> 工作时段自动拉起: 失败
[2026-08-13 13:06:15] heygem-gen-video 未运行 -> 工作时段自动拉起: 失败
[2026-08-13 13:06:15] heygem-tts 未运行 -> 工作时段自动拉起: 失败
[2026-08-13 13:07:15] heygem-gen-video 未运行 -> 工作时段自动拉起: 失败
[2026-08-13 13:07:15] heygem-tts 未运行 -> 工作时段自动拉起: 失败
[2026-08-13 13:08:16] heygem-gen-video 未运行 -> 工作时段自动拉起: 失败
[2026-08-13 13:08:16] heygem-tts 未运行 -> 工作时段自动拉起: 失败
[2026-08-13 13:09:16] heygem-gen-video 未运行 -> 工作时段自动拉起: 失败
[2026-08-13 13:09:16] heygem-tts 未运行 -> 工作时段自动拉起: 失败
[2026-08-13 13:10:16] heygem-gen-video 未运行 -> 工作时段自动拉起: 失败
[2026-08-13 13:10:16] heygem-tts 未运行 -> 工作时段自动拉起: 失败
[2026-08-13 13:11:16] heygem-gen-video 未运行 -> 工作时段自动拉起: 失败
[2026-08-13 13:11:16] heygem-tts 未运行 -> 工作时段自动拉起: 失败
[2026-08-13 13:12:17] heygem-gen-video 未运行 -> 工作时段自动拉起: 失败
[2026-08-13 13:12:17] heygem-tts 未运行 -> 工作时段自动拉起: 失败
[2026-08-13 13:13:17] heygem-gen-video 未运行 -> 工作时段自动拉起: 失败
[2026-08-13 13:13:17] heygem-tts 未运行 -> 工作时段自动拉起: 失败
[2026-08-13 13:14:17] heygem-gen-video 未运行 -> 工作时段自动拉起: 失败
[2026-08-13 13:14:17] heygem-tts 未运行 -> 工作时段自动拉起: 失败
[2026-08-13 13:15:17] heygem-gen-video 未运行 -> 工作时段自动拉起: 失败
[2026-08-13 13:15:17] heygem-tts 未运行 -> 工作时段自动拉起: 失败
[2026-08-13 13:16:17] heygem-gen-video 未运行 -> 工作时段自动拉起: 失败
[2026-08-13 13:16:18] heygem-tts 未运行 -> 工作时段自动拉起: 失败
[2026-08-13 13:17:18] heygem-gen-video 未运行 -> 工作时段自动拉起: 失败
[2026-08-13 13:17:18] heygem-tts 未运行 -> 工作时段自动拉起: 失败
[2026-08-13 13:18:18] heygem-gen-video 未运行 -> 工作时段自动拉起: 失败
[2026-08-13 13:18:18] heygem-tts 未运行 -> 工作时段自动拉起: 失败
[2026-08-13 13:19:18] heygem-gen-video 未运行 -> 工作时段自动拉起: 失败
[2026-08-13 13:19:18] heygem-tts 未运行 -> 工作时段自动拉起: 失败
[2026-08-13 13:20:18] heygem-gen-video 未运行 -> 工作时段自动拉起: 失败
[2026-08-13 13:20:18] heygem-tts 未运行 -> 工作时段自动拉起: 失败
[2026-08-13 13:21:19] heygem-gen-video 未运行 -> 工作时段自动拉起: 失败
[2026-08-13 13:21:19] heygem-tts 未运行 -> 工作时段自动拉起: 失败
[2026-08-13 13:22:19] heygem-gen-video 未运行 -> 工作时段自动拉起: 失败
[2026-08-13 13:22:19] heygem-tts 未运行 -> 工作时段自动拉起: 失败
[2026-08-13 13:23:19] heygem-gen-video 未运行 -> 工作时段自动拉起: 失败
[2026-08-13 13:23:19] heygem-tts 未运行 -> 工作时段自动拉起: 失败
[2026-08-13 13:24:19] heygem-gen-video 未运行 -> 工作时段自动拉起: 失败
[2026-08-13 13:24:19] heygem-tts 未运行 -> 工作时段自动拉起: 失败
[2026-08-13 13:25:19] [警告] heygem-gen-video 容器在跑但 :8383 无响应，下次探活复核
[2026-08-13 13:25:20] [警告] heygem-tts 容器在跑但 :18180 无响应，下次探活复核
[2026-08-13 18:36:20] 探活 heygem-gen-video 异常: Command '['docker', 'inspect', '-f', '{{.State.Running}}', 'heygem-gen-video']' timed out after 15 seconds
[2026-08-13 19:16:12] 探活 heygem-gen-video 异常: Command '['docker', 'inspect', '-f', '{{.State.Running}}', 'heygem-gen-video']' timed out after 15 seconds
[2026-08-13 19:18:26] 探活 heygem-tts 异常: Command '['docker', 'inspect', '-f', '{{.State.Running}}', 'heygem-tts']' timed out after 15 seconds
[2026-08-13 19:23:33] 探活 heygem-gen-video 异常: Command '['docker', 'inspect', '-f', '{{.State.Running}}', 'heygem-gen-video']' timed out after 15 seconds
[2026-08-13 19:23:38] [警告] heygem-gen-video 容器在跑但 :8383 无响应，下次探活复核
[2026-08-13 19:23:54] 探活 heygem-tts 异常: Command '['docker', 'inspect', '-f', '{{.State.Running}}', 'heygem-tts']' timed out after 15 seconds
[2026-08-13 19:23:59] [警告] heygem-tts 容器在跑但 :18180 无响应，下次探活复核
[2026-08-13 19:25:16] 探活 heygem-gen-video 异常: Command '['docker', 'inspect', '-f', '{{.State.Running}}', 'heygem-gen-video']' timed out after 15 seconds
[2026-08-13 19:25:21] [警告] heygem-gen-video 容器在跑但 :8383 无响应，下次探活复核
[2026-08-13 19:25:37] 探活 heygem-tts 异常: Command '['docker', 'inspect', '-f', '{{.State.Running}}', 'heygem-tts']' timed out after 15 seconds
[2026-08-13 19:25:42] [警告] heygem-tts 容器在跑但 :18180 无响应，下次探活复核
[2026-08-13 19:26:58] 探活 heygem-gen-video 异常: Command '['docker', 'inspect', '-f', '{{.State.Running}}', 'heygem-gen-video']' timed out after 15 seconds
[2026-08-13 19:27:03] [警告] heygem-gen-video 容器在跑但 :8383 无响应，下次探活复核
[2026-08-13 19:30:25] 探活 heygem-tts 异常: Command '['docker', 'inspect', '-f', '{{.State.Running}}', 'heygem-tts']' timed out after 15 seconds
[2026-08-13 19:39:58] 探活 heygem-gen-video 异常: Command '['docker', 'inspect', '-f', '{{.State.Running}}', 'heygem-gen-video']' timed out after 15 seconds
[2026-08-13 19:48:56] 探活 heygem-tts 异常: Command '['docker', 'inspect', '-f', '{{.State.Running}}', 'heygem-tts']' timed out after 15 seconds
[2026-08-13 19:50:46] 探活 heygem-gen-video 异常: Command '['docker', 'inspect', '-f', '{{.State.Running}}', 'heygem-gen-video']' timed out after 15 seconds
[2026-08-13 19:50:51] [警告] heygem-gen-video 容器在跑但 :8383 无响应，下次探活复核
[2026-08-13 19:51:07] 探活 heygem-tts 异常: Command '['docker', 'inspect', '-f', '{{.State.Running}}', 'heygem-tts']' timed out after 15 seconds
[2026-08-13 19:51:12] [警告] heygem-tts 容器在跑但 :18180 无响应，下次探活复核
[2026-08-13 19:52:36] 探活 heygem-gen-video 异常: Command '['docker', 'inspect', '-f', '{{.State.Running}}', 'heygem-gen-video']' timed out after 15 seconds
[2026-08-13 19:52:41] [警告] heygem-gen-video 容器在跑但 :8383 无响应，下次探活复核
[2026-08-13 19:54:04] 探活 heygem-tts 异常: Command '['docker', 'inspect', '-f', '{{.State.Running}}', 'heygem-tts']' timed out after 15 seconds
[2026-08-13 19:54:09] [警告] heygem-tts 容器在跑但 :18180 无响应，下次探活复核
[2026-08-13 19:59:11] 探活 heygem-gen-video 异常: Command '['docker', 'inspect', '-f', '{{.State.Running}}', 'heygem-gen-video']' timed out after 15 seconds
[2026-08-13 19:59:16] [警告] heygem-gen-video 容器在跑但 :8383 无响应，下次探活复核
[2026-08-13 19:59:32] 探活 heygem-tts 异常: Command '['docker', 'inspect', '-f', '{{.State.Running}}', 'heygem-tts']' timed out after 15 seconds
[2026-08-13 20:05:02] 探活 heygem-gen-video 异常: Command '['docker', 'inspect', '-f', '{{.State.Running}}', 'heygem-gen-video']' timed out after 15 seconds
[2026-08-13 20:13:28] 探活 heygem-tts 异常: Command '['docker', 'inspect', '-f', '{{.State.Running}}', 'heygem-tts']' timed out after 15 seconds
[2026-08-13 20:17:52] 探活 heygem-gen-video 异常: Command '['docker', 'inspect', '-f', '{{.State.Running}}', 'heygem-gen-video']' timed out after 15 seconds
[2026-08-13 20:26:46] 探活 heygem-tts 异常: Command '['docker', 'inspect', '-f', '{{.State.Running}}', 'heygem-tts']' timed out after 15 seconds
[2026-08-13 20:36:27] 探活 heygem-gen-video 异常: Command '['docker', 'inspect', '-f', '{{.State.Running}}', 'heygem-gen-video']' timed out after 15 seconds
[2026-08-13 20:36:32] [警告] heygem-gen-video 容器在跑但 :8383 无响应，下次探活复核
[2026-08-13 20:36:48] 探活 heygem-tts 异常: Command '['docker', 'inspect', '-f', '{{.State.Running}}', 'heygem-tts']' timed out after 15 seconds
[2026-08-13 20:36:53] [警告] heygem-tts 容器在跑但 :18180 无响应，下次探活复核
[2026-08-13 20:38:31] 探活 heygem-gen-video 异常: Command '['docker', 'inspect', '-f', '{{.State.Running}}', 'heygem-gen-video']' timed out after 15 seconds
[2026-08-13 20:38:36] [警告] heygem-gen-video 容器在跑但 :8383 无响应，下次探活复核
[2026-08-13 20:40:48] 探活 heygem-tts 异常: Command '['docker', 'inspect', '-f', '{{.State.Running}}', 'heygem-tts']' timed out after 15 seconds
[2026-08-13 20:48:27] 探活 heygem-gen-video 异常: Command '['docker', 'inspect', '-f', '{{.State.Running}}', 'heygem-gen-video']' timed out after 15 seconds
[2026-08-13 21:56:44] heygem-gen-video 未运行 -> 工作时段自动拉起: 成功
