[01:48:48] == 公众号文章 /article/write ==
[01:49:24]   公众号文章已生成：老板用个人卡收公司货款的税务风险（1639 字）
[01:49:24] == 小红书 /xhs_generate ==
[01:50:20]   小红书已生成 7 张图，存 produce_all_20260913_014848\xhs
[01:50:20]   提交 scroll -> job_id=a3b455a7024143dfa615ed9ea0b1aab5
[01:50:20]   提交 avatar -> job_id=be8bbca1ff16489f904b070b1a0092e8
[01:50:20]   !! motion 提交失败：HTTP Error 429: Too Many Requests
[01:50:20]   !! manga 提交失败：HTTP Error 429: Too Many Requests
[01:50:20]   !! whiteboard 提交失败：HTTP Error 429: Too Many Requests
[01:50:20]   !! card 提交失败：HTTP Error 429: Too Many Requests
[01:50:20] == 轮询六路出片（并发由 8500 控制，≤2）==
[01:50:40]   … scroll rendering
[01:50:40]   … avatar 排队第 5
[01:51:00]   … scroll rendering
[01:51:00]   … avatar 排队第 5
[01:51:20]   … scroll rendering
[01:51:20]   … avatar 排队第 5
[01:51:40]   … scroll rendering
[01:51:40]   … avatar 排队第 5
[01:52:00]   … scroll rendering
[01:52:00]   … avatar 排队第 5
[01:52:20]   … scroll rendering
[01:52:20]   … avatar 排队第 5
[01:52:40]   ✅ scroll 完成 -> D:\heygem_data\hgt-commercial\python-pipeline\produce_all_20260913_014848\videos\scroll.mp4
[01:52:40]   … avatar rendering
[01:53:00]   … avatar rendering
[01:53:20]   … avatar rendering
[01:53:40]   … avatar rendering
[01:54:00]   … avatar rendering
[01:54:20]   … avatar rendering
[01:54:40]   … avatar rendering
[01:55:00]   … avatar rendering
[01:55:20]   … avatar rendering
[01:55:40]   … avatar rendering
[01:56:00]   … avatar rendering
[01:56:20]   … avatar rendering
[01:56:40]   … avatar rendering
[01:57:00]   … avatar rendering
[01:57:20]   … avatar rendering
[01:57:40]   … avatar rendering
[01:58:00]   … avatar rendering
[01:58:20]   … avatar rendering
[01:58:40]   … avatar rendering
[01:59:00]   … avatar rendering
[01:59:20]   … avatar rendering
[01:59:40]   … avatar rendering
[02:00:00]   ✅ avatar 完成 -> D:\heygem_data\hgt-commercial\python-pipeline\produce_all_20260913_014848\videos\avatar.mp4
[02:00:00] 
[02:00:00] ===== 全格式出片总览 =====
[02:00:00] 公众号文章 : OK
[02:00:00] 小红书     : OK (7 张)
[02:00:00] 短视频 scroll     : done
[02:00:00] 短视频 avatar     : done
[02:00:00] 短视频 motion     : submit_failed
[02:00:00] 短视频 manga      : submit_failed
[02:00:00] 短视频 whiteboard : submit_failed
[02:00:00] 短视频 card       : submit_failed
[02:00:00] 产物目录: D:\heygem_data\hgt-commercial\python-pipeline\produce_all_20260913_014848
